Archive member included to satisfy reference by file (symbol)

/usr/lib/gcc/arm-none-eabi/9.2.1/thumb/v6-m/nofp/libgcc.a(_dvmd_tls.o)
                              CMakeFiles/pio_jtag.dir/home/om/Desktop/task_rpi_pico/pico/pico-sdk/src/rp2_common/pico_divider/divider.S.obj (__aeabi_idiv0)
/usr/lib/gcc/arm-none-eabi/9.2.1/../../../arm-none-eabi/lib/thumb/v6-m/nofp/libc.a(lib_a-atexit.o)
                              /usr/lib/gcc/arm-none-eabi/9.2.1/../../../arm-none-eabi/lib/thumb/v6-m/nofp/crt0.o (atexit)
/usr/lib/gcc/arm-none-eabi/9.2.1/../../../arm-none-eabi/lib/thumb/v6-m/nofp/libc.a(lib_a-calloc.o)
                              CMakeFiles/pio_jtag.dir/home/om/Desktop/task_rpi_pico/pico/pico-sdk/src/rp2_common/pico_malloc/pico_malloc.c.obj (calloc)
/usr/lib/gcc/arm-none-eabi/9.2.1/../../../arm-none-eabi/lib/thumb/v6-m/nofp/libc.a(lib_a-callocr.o)
                              /usr/lib/gcc/arm-none-eabi/9.2.1/../../../arm-none-eabi/lib/thumb/v6-m/nofp/libc.a(lib_a-calloc.o) (_calloc_r)
/usr/lib/gcc/arm-none-eabi/9.2.1/../../../arm-none-eabi/lib/thumb/v6-m/nofp/libc.a(lib_a-fini.o)
                              /usr/lib/gcc/arm-none-eabi/9.2.1/../../../arm-none-eabi/lib/thumb/v6-m/nofp/crt0.o (__libc_fini_array)
/usr/lib/gcc/arm-none-eabi/9.2.1/../../../arm-none-eabi/lib/thumb/v6-m/nofp/libc.a(lib_a-impure.o)
                              /usr/lib/gcc/arm-none-eabi/9.2.1/../../../arm-none-eabi/lib/thumb/v6-m/nofp/libc.a(lib_a-calloc.o) (_impure_ptr)
/usr/lib/gcc/arm-none-eabi/9.2.1/../../../arm-none-eabi/lib/thumb/v6-m/nofp/libc.a(lib_a-init.o)
                              /usr/lib/gcc/arm-none-eabi/9.2.1/../../../arm-none-eabi/lib/thumb/v6-m/nofp/crt0.o (__libc_init_array)
/usr/lib/gcc/arm-none-eabi/9.2.1/../../../arm-none-eabi/lib/thumb/v6-m/nofp/libc.a(lib_a-malloc.o)
                              CMakeFiles/pio_jtag.dir/home/om/Desktop/task_rpi_pico/pico/pico-sdk/src/rp2_common/pico_malloc/pico_malloc.c.obj (malloc)
/usr/lib/gcc/arm-none-eabi/9.2.1/../../../arm-none-eabi/lib/thumb/v6-m/nofp/libc.a(lib_a-mallocr.o)
                              /usr/lib/gcc/arm-none-eabi/9.2.1/../../../arm-none-eabi/lib/thumb/v6-m/nofp/libc.a(lib_a-callocr.o) (_malloc_r)
/usr/lib/gcc/arm-none-eabi/9.2.1/../../../arm-none-eabi/lib/thumb/v6-m/nofp/libc.a(lib_a-mlock.o)
                              /usr/lib/gcc/arm-none-eabi/9.2.1/../../../arm-none-eabi/lib/thumb/v6-m/nofp/libc.a(lib_a-mallocr.o) (__malloc_lock)
/usr/lib/gcc/arm-none-eabi/9.2.1/../../../arm-none-eabi/lib/thumb/v6-m/nofp/libc.a(lib_a-realloc.o)
                              CMakeFiles/pio_jtag.dir/home/om/Desktop/task_rpi_pico/pico/pico-sdk/src/rp2_common/pico_malloc/pico_malloc.c.obj (realloc)
/usr/lib/gcc/arm-none-eabi/9.2.1/../../../arm-none-eabi/lib/thumb/v6-m/nofp/libc.a(lib_a-reallocr.o)
                              /usr/lib/gcc/arm-none-eabi/9.2.1/../../../arm-none-eabi/lib/thumb/v6-m/nofp/libc.a(lib_a-realloc.o) (_realloc_r)
/usr/lib/gcc/arm-none-eabi/9.2.1/../../../arm-none-eabi/lib/thumb/v6-m/nofp/libc.a(lib_a-sbrkr.o)
                              /usr/lib/gcc/arm-none-eabi/9.2.1/../../../arm-none-eabi/lib/thumb/v6-m/nofp/libc.a(lib_a-mallocr.o) (_sbrk_r)
/usr/lib/gcc/arm-none-eabi/9.2.1/../../../arm-none-eabi/lib/thumb/v6-m/nofp/libc.a(lib_a-strlen-stub.o)
                              CMakeFiles/pio_jtag.dir/usb_descriptors.c.obj (strlen)
/usr/lib/gcc/arm-none-eabi/9.2.1/../../../arm-none-eabi/lib/thumb/v6-m/nofp/libc.a(lib_a-__atexit.o)
                              /usr/lib/gcc/arm-none-eabi/9.2.1/../../../arm-none-eabi/lib/thumb/v6-m/nofp/libc.a(lib_a-atexit.o) (__register_exitproc)
/usr/lib/gcc/arm-none-eabi/9.2.1/../../../arm-none-eabi/lib/thumb/v6-m/nofp/libc.a(lib_a-freer.o)
                              /usr/lib/gcc/arm-none-eabi/9.2.1/../../../arm-none-eabi/lib/thumb/v6-m/nofp/libc.a(lib_a-malloc.o) (_free_r)
/usr/lib/gcc/arm-none-eabi/9.2.1/../../../arm-none-eabi/lib/thumb/v6-m/nofp/libc.a(lib_a-memmove.o)
                              /usr/lib/gcc/arm-none-eabi/9.2.1/../../../arm-none-eabi/lib/thumb/v6-m/nofp/libc.a(lib_a-reallocr.o) (memmove)
/usr/lib/gcc/arm-none-eabi/9.2.1/../../../arm-none-eabi/lib/thumb/v6-m/nofp/libc.a(lib_a-reent.o)
                              /usr/lib/gcc/arm-none-eabi/9.2.1/../../../arm-none-eabi/lib/thumb/v6-m/nofp/libc.a(lib_a-sbrkr.o) (errno)

Allocating common symbols
Common symbol       size              file

pio                 0x4               CMakeFiles/pio_jtag.dir/pio_jtag.c.obj
sf_table            0x100             CMakeFiles/pio_jtag.dir/home/om/Desktop/task_rpi_pico/pico/pico-sdk/src/rp2_common/pico_float/float_init_rom.c.obj
usb_serial          0x11              CMakeFiles/pio_jtag.dir/get_serial.c.obj
errno               0x4               /usr/lib/gcc/arm-none-eabi/9.2.1/../../../arm-none-eabi/lib/thumb/v6-m/nofp/libc.a(lib_a-reent.o)
_usbd_qdef_buf      0xc0              CMakeFiles/pio_jtag.dir/home/om/Desktop/task_rpi_pico/pico/pico-sdk/lib/tinyusb/src/device/usbd.c.obj
[...]
Memory Configuration

Name             Origin             Length             Attributes
FLASH            0x0000000010000000 0x0000000000200000 xr
RAM              0x0000000020000000 0x0000000000040000 xrw
SCRATCH_X        0x0000000020040000 0x0000000000001000 xrw
SCRATCH_Y        0x0000000020041000 0x0000000000001000 xrw
*default*        0x0000000000000000 0xffffffffffffffff

Linker script and memory map

LOAD /usr/lib/gcc/arm-none-eabi/9.2.1/thumb/v6-m/nofp/crti.o
LOAD /usr/lib/gcc/arm-none-eabi/9.2.1/thumb/v6-m/nofp/crtbegin.o
LOAD /usr/lib/gcc/arm-none-eabi/9.2.1/../../../arm-none-eabi/lib/thumb/v6-m/nofp/crt0.o

.flash_begin    0x0000000010000000        0x0
                0x0000000010000000                __flash_binary_start = .

.boot2          0x0000000010000000      0x100
                0x0000000010000000                __boot2_start__ = .
 *(.boot2)
 .boot2         0x0000000010000000      0x100 /tmp/cc5nh8hw.o
                0x0000000010000100                __boot2_end__ = .
                0x0000000000000001                ASSERT (((__boot2_end__ - __boot2_start__) == 0x100), ERROR: Pico second stage bootloader must be 256 bytes in size)

.text           0x0000000010000100     0x6828
                0x0000000010000100                __logical_binary_start = .
 *(.vectors)
 .vectors       0x0000000010000100       0xd4 CMakeFiles/pio_jtag.dir/home/om/Desktop/task_rpi_pico/pico/pico-sdk/src/rp2_common/pico_standard_link/crt0.S.obj
                0x0000000010000100                __vectors
                0x0000000010000100                __VECTOR_TABLE
                0x00000000100001c0                isr_invalid
                0x00000000100001c0                __default_isrs_start
                0x00000000100001c2                isr_nmi
                0x00000000100001c4                isr_hardfault
                0x00000000100001c6                isr_svcall
                0x00000000100001c8                isr_pendsv
                0x00000000100001ca                isr_systick
                0x00000000100001cc                isr_irq30
                0x00000000100001cc                __unhandled_user_irq
                0x00000000100001cc                isr_irq13
                0x00000000100001cc                isr_irq27
                0x00000000100001cc                isr_irq31
                0x00000000100001cc                isr_irq5
                0x00000000100001cc                isr_irq11
                0x00000000100001cc                isr_irq23
                0x00000000100001cc                isr_irq18
                0x00000000100001cc                isr_irq28
                0x00000000100001cc                isr_irq19
                0x00000000100001cc                isr_irq0
                0x00000000100001cc                isr_irq6
                0x00000000100001cc                isr_irq22
                0x00000000100001cc                isr_irq17
                0x00000000100001cc                isr_irq14
                0x00000000100001cc                isr_irq2
                0x00000000100001cc                isr_irq10
                0x00000000100001cc                isr_irq8
                0x00000000100001cc                isr_irq24
                0x00000000100001cc                isr_irq1
                0x00000000100001cc                isr_irq7
                0x00000000100001cc                isr_irq21
                0x00000000100001cc                isr_irq20
                0x00000000100001cc                isr_irq15
                0x00000000100001cc                isr_irq25
                0x00000000100001cc                isr_irq4
                0x00000000100001cc                isr_irq16
                0x00000000100001cc                isr_irq29
                0x00000000100001cc                isr_irq26
                0x00000000100001cc                __default_isrs_end
                0x00000000100001cc                isr_irq3
                0x00000000100001cc                isr_irq12
                0x00000000100001cc                isr_irq9
                0x00000000100001d2                unhandled_user_irq_num_in_r0
 *(.binary_info_header)
 .binary_info_header
                0x00000000100001d4       0x14 CMakeFiles/pio_jtag.dir/home/om/Desktop/task_rpi_pico/pico/pico-sdk/src/rp2_common/pico_standard_link/crt0.S.obj
                0x00000000100001e8                __binary_info_header_end = .
 *(.reset)
 .reset         0x00000000100001e8       0xa0 CMakeFiles/pio_jtag.dir/home/om/Desktop/task_rpi_pico/pico/pico-sdk/src/rp2_common/pico_standard_link/crt0.S.obj
                0x00000000100001e8                _entry_point
 .reset         0x0000000010000288       0x30 CMakeFiles/pio_jtag.dir/home/om/Desktop/task_rpi_pico/pico/pico-sdk/src/rp2_common/pico_standard_link/binary_info.c.obj
 *(.init)
 .init          0x00000000100002b8        0x4 /usr/lib/gcc/arm-none-eabi/9.2.1/thumb/v6-m/nofp/crti.o
                0x00000000100002b8                _init
 *(EXCLUDE_FILE(*libm.a: *libc.a:*lib_a-mem*.o *libgcc.a:) .text*)
 .text          0x00000000100002bc       0x98 /usr/lib/gcc/arm-none-eabi/9.2.1/thumb/v6-m/nofp/crtbegin.o
 .text.core1_entry
                0x0000000010000354       0x50 CMakeFiles/pio_jtag.dir/jtag.c.obj
                0x0000000010000354                core1_entry
 .text.tud_vendor_control_xfer_cb
                0x00000000100003a4        0xc CMakeFiles/pio_jtag.dir/jtag.c.obj
                0x00000000100003a4                tud_vendor_control_xfer_cb
 .text.startup.main
                0x00000000100003b0       0x88 CMakeFiles/pio_jtag.dir/jtag.c.obj
                0x00000000100003b0                main
 .text.dma_init
                0x0000000010000438       0x7c CMakeFiles/pio_jtag.dir/pio_jtag.c.obj
                0x0000000010000438                dma_init
 .text.jtag_set_clk_freq
                0x00000000100004b4       0x28 CMakeFiles/pio_jtag.dir/pio_jtag.c.obj
                0x00000000100004b4                jtag_set_clk_freq
 .text.usb_serial_init
                0x00000000100004dc      0x148 CMakeFiles/pio_jtag.dir/get_serial.c.obj
                0x00000000100004dc                usb_serial_init
 .text.tud_descriptor_device_cb
                0x0000000010000624        0x8 CMakeFiles/pio_jtag.dir/usb_descriptors.c.obj
                0x0000000010000624                tud_descriptor_device_cb
 .text.tud_descriptor_configuration_cb
                0x000000001000062c        0x8 CMakeFiles/pio_jtag.dir/usb_descriptors.c.obj
                0x000000001000062c                tud_descriptor_configuration_cb
 .text.tud_descriptor_string_cb
                0x0000000010000634       0x7c CMakeFiles/pio_jtag.dir/usb_descriptors.c.obj
                0x0000000010000634                tud_descriptor_string_cb
 .text.cmd_handle
                0x00000000100006b0      0x128 CMakeFiles/pio_jtag.dir/cmd.c.obj
                0x00000000100006b0                cmd_handle
 .text.gpio_set_function
                0x00000000100007d8       0x30 CMakeFiles/pio_jtag.dir/home/om/Desktop/task_rpi_pico/pico/pico-sdk/src/rp2_common/hardware_gpio/gpio.c.obj
                0x00000000100007d8                gpio_set_function
 .text.gpio_init
                0x0000000010000808       0x3c CMakeFiles/pio_jtag.dir/home/om/Desktop/task_rpi_pico/pico/pico-sdk/src/rp2_common/hardware_gpio/gpio.c.obj
                0x0000000010000808                gpio_init
 .text.running_on_fpga
                0x0000000010000844       0x10 CMakeFiles/pio_jtag.dir/home/om/Desktop/task_rpi_pico/pico/pico-sdk/src/rp2_common/pico_platform/platform.c.obj
                0x0000000010000844                running_on_fpga
 .text.hw_claim_lock
                0x0000000010000854       0x18 CMakeFiles/pio_jtag.dir/home/om/Desktop/task_rpi_pico/pico/pico-sdk/src/rp2_common/hardware_claim/claim.c.obj
                0x0000000010000854                hw_claim_lock
 .text.hw_claim_unlock
                0x000000001000086c       0x14 CMakeFiles/pio_jtag.dir/home/om/Desktop/task_rpi_pico/pico/pico-sdk/src/rp2_common/hardware_claim/claim.c.obj
                0x000000001000086c                hw_claim_unlock
 .text.hw_claim_or_assert
                0x0000000010000880       0x48 CMakeFiles/pio_jtag.dir/home/om/Desktop/task_rpi_pico/pico/pico-sdk/src/rp2_common/hardware_claim/claim.c.obj
                0x0000000010000880                hw_claim_or_assert
 .text.hw_claim_unused_from_range
                0x00000000100008c8       0x9c CMakeFiles/pio_jtag.dir/home/om/Desktop/task_rpi_pico/pico/pico-sdk/src/rp2_common/hardware_claim/claim.c.obj
                0x00000000100008c8                hw_claim_unused_from_range
 .text.spin_locks_reset
                0x0000000010000964       0x1c CMakeFiles/pio_jtag.dir/home/om/Desktop/task_rpi_pico/pico/pico-sdk/src/rp2_common/hardware_sync/sync.c.obj
                0x0000000010000964                spin_locks_reset
 .text.next_striped_spin_lock_num
                0x0000000010000980       0x18 CMakeFiles/pio_jtag.dir/home/om/Desktop/task_rpi_pico/pico/pico-sdk/src/rp2_common/hardware_sync/sync.c.obj
                0x0000000010000980                next_striped_spin_lock_num
 .text.spin_lock_claim_unused
                0x0000000010000998       0x20 CMakeFiles/pio_jtag.dir/home/om/Desktop/task_rpi_pico/pico/pico-sdk/src/rp2_common/hardware_sync/sync.c.obj
                0x0000000010000998                spin_lock_claim_unused
 .text.irq_set_enabled
                0x00000000100009b8       0x24 CMakeFiles/pio_jtag.dir/home/om/Desktop/task_rpi_pico/pico/pico-sdk/src/rp2_common/hardware_irq/irq.c.obj
                0x00000000100009b8                irq_set_enabled
 .text.irq_is_enabled
                0x00000000100009dc       0x18 CMakeFiles/pio_jtag.dir/home/om/Desktop/task_rpi_pico/pico/pico-sdk/src/rp2_common/hardware_irq/irq.c.obj
                0x00000000100009dc                irq_is_enabled
 .text.irq_get_vtable_handler
                0x00000000100009f4       0x10 CMakeFiles/pio_jtag.dir/home/om/Desktop/task_rpi_pico/pico/pico-sdk/src/rp2_common/hardware_irq/irq.c.obj
                0x00000000100009f4                irq_get_vtable_handler
 .text.irq_set_exclusive_handler
                0x0000000010000a04       0x54 CMakeFiles/pio_jtag.dir/home/om/Desktop/task_rpi_pico/pico/pico-sdk/src/rp2_common/hardware_irq/irq.c.obj
                0x0000000010000a04                irq_set_exclusive_handler
 .text.irq_add_shared_handler
                0x0000000010000a58      0x1c0 CMakeFiles/pio_jtag.dir/home/om/Desktop/task_rpi_pico/pico/pico-sdk/src/rp2_common/hardware_irq/irq.c.obj
                0x0000000010000a58                irq_add_shared_handler
 .text.irq_remove_handler
                0x0000000010000c18      0x1b4 CMakeFiles/pio_jtag.dir/home/om/Desktop/task_rpi_pico/pico/pico-sdk/src/rp2_common/hardware_irq/irq.c.obj
                0x0000000010000c18                irq_remove_handler
 .text.irq_add_tail_to_free_list
                0x0000000010000dcc       0xb4 CMakeFiles/pio_jtag.dir/home/om/Desktop/task_rpi_pico/pico/pico-sdk/src/rp2_common/hardware_irq/irq.c.obj
                0x0000000010000dcc                irq_add_tail_to_free_list
 .text.irq_init_priorities
                0x0000000010000e80       0x24 CMakeFiles/pio_jtag.dir/home/om/Desktop/task_rpi_pico/pico/pico-sdk/src/rp2_common/hardware_irq/irq.c.obj
                0x0000000010000e80                irq_init_priorities
 .text.lock_init
                0x0000000010000ea4       0x10 CMakeFiles/pio_jtag.dir/home/om/Desktop/task_rpi_pico/pico/pico-sdk/src/common/pico_sync/lock_core.c.obj
                0x0000000010000ea4                lock_init
 .text.mutex_init
                0x0000000010000eb4       0x1c CMakeFiles/pio_jtag.dir/home/om/Desktop/task_rpi_pico/pico/pico-sdk/src/common/pico_sync/mutex.c.obj
                0x0000000010000eb4                mutex_init
 .text.recursive_mutex_init
                0x0000000010000ed0       0x1c CMakeFiles/pio_jtag.dir/home/om/Desktop/task_rpi_pico/pico/pico-sdk/src/common/pico_sync/mutex.c.obj
                0x0000000010000ed0                recursive_mutex_init
 .text.critical_section_init
                0x0000000010000eec       0x1c CMakeFiles/pio_jtag.dir/home/om/Desktop/task_rpi_pico/pico/pico-sdk/src/common/pico_sync/critical_section.c.obj
                0x0000000010000eec                critical_section_init
 .text.timer_pool_entry_comparator
                0x0000000010000f08       0x34 CMakeFiles/pio_jtag.dir/home/om/Desktop/task_rpi_pico/pico/pico-sdk/src/common/pico_time/time.c.obj
                0x0000000010000f08                timer_pool_entry_comparator
 .text.sleep_until_callback
                0x0000000010000f3c       0x30 CMakeFiles/pio_jtag.dir/home/om/Desktop/task_rpi_pico/pico/pico-sdk/src/common/pico_time/time.c.obj
 .text.add_alarm_under_lock
                0x0000000010000f6c      0x108 CMakeFiles/pio_jtag.dir/home/om/Desktop/task_rpi_pico/pico/pico-sdk/src/common/pico_time/time.c.obj
 .text.alarm_pool_alarm_callback
                0x0000000010001074      0x1b8 CMakeFiles/pio_jtag.dir/home/om/Desktop/task_rpi_pico/pico/pico-sdk/src/common/pico_time/time.c.obj
 .text.alarm_pool_init_default
                0x000000001000122c       0x6c CMakeFiles/pio_jtag.dir/home/om/Desktop/task_rpi_pico/pico/pico-sdk/src/common/pico_time/time.c.obj
                0x000000001000122c                alarm_pool_init_default
 .text.alarm_pool_add_alarm_at
                0x0000000010001298      0x190 CMakeFiles/pio_jtag.dir/home/om/Desktop/task_rpi_pico/pico/pico-sdk/src/common/pico_time/time.c.obj
                0x0000000010001298                alarm_pool_add_alarm_at
 .text.alarm_pool_cancel_alarm
                0x0000000010001428       0x70 CMakeFiles/pio_jtag.dir/home/om/Desktop/task_rpi_pico/pico/pico-sdk/src/common/pico_time/time.c.obj
                0x0000000010001428                alarm_pool_cancel_alarm
 .text.sleep_until
                0x0000000010001498       0xc4 CMakeFiles/pio_jtag.dir/home/om/Desktop/task_rpi_pico/pico/pico-sdk/src/common/pico_time/time.c.obj
                0x0000000010001498                sleep_until
 .text.sleep_ms
                0x000000001000155c       0x34 CMakeFiles/pio_jtag.dir/home/om/Desktop/task_rpi_pico/pico/pico-sdk/src/common/pico_time/time.c.obj
                0x000000001000155c                sleep_ms
 .text.best_effort_wfe_or_timeout
                0x0000000010001590       0x60 CMakeFiles/pio_jtag.dir/home/om/Desktop/task_rpi_pico/pico/pico-sdk/src/common/pico_time/time.c.obj
                0x0000000010001590                best_effort_wfe_or_timeout
 .text.hardware_alarm_irq_handler
                0x00000000100015f0       0xbc CMakeFiles/pio_jtag.dir/home/om/Desktop/task_rpi_pico/pico/pico-sdk/src/rp2_common/hardware_timer/timer.c.obj
 .text.hardware_alarm_claim
                0x00000000100016ac       0x18 CMakeFiles/pio_jtag.dir/home/om/Desktop/task_rpi_pico/pico/pico-sdk/src/rp2_common/hardware_timer/timer.c.obj
                0x00000000100016ac                hardware_alarm_claim
 .text.time_us_64
                0x00000000100016c4       0x14 CMakeFiles/pio_jtag.dir/home/om/Desktop/task_rpi_pico/pico/pico-sdk/src/rp2_common/hardware_timer/timer.c.obj
                0x00000000100016c4                time_us_64
 .text.busy_wait_until
                0x00000000100016d8       0x20 CMakeFiles/pio_jtag.dir/home/om/Desktop/task_rpi_pico/pico/pico-sdk/src/rp2_common/hardware_timer/timer.c.obj
                0x00000000100016d8                busy_wait_until
 .text.hardware_alarm_set_callback
                0x00000000100016f8       0x8c CMakeFiles/pio_jtag.dir/home/om/Desktop/task_rpi_pico/pico/pico-sdk/src/rp2_common/hardware_timer/timer.c.obj
                0x00000000100016f8                hardware_alarm_set_callback
 .text.hardware_alarm_set_target
                0x0000000010001784       0xe4 CMakeFiles/pio_jtag.dir/home/om/Desktop/task_rpi_pico/pico/pico-sdk/src/rp2_common/hardware_timer/timer.c.obj
                0x0000000010001784                hardware_alarm_set_target
 .text.hardware_alarm_cancel
                0x0000000010001868       0x40 CMakeFiles/pio_jtag.dir/home/om/Desktop/task_rpi_pico/pico/pico-sdk/src/rp2_common/hardware_timer/timer.c.obj
                0x0000000010001868                hardware_alarm_cancel
 .text.ph_merge_nodes
                0x00000000100018a8       0x68 CMakeFiles/pio_jtag.dir/home/om/Desktop/task_rpi_pico/pico/pico-sdk/src/common/pico_util/pheap.c.obj
 .text.ph_post_alloc_init
                0x0000000010001910       0x3c CMakeFiles/pio_jtag.dir/home/om/Desktop/task_rpi_pico/pico/pico-sdk/src/common/pico_util/pheap.c.obj
                0x0000000010001910                ph_post_alloc_init
 .text.ph_merge_two_pass
                0x000000001000194c       0x90 CMakeFiles/pio_jtag.dir/home/om/Desktop/task_rpi_pico/pico/pico-sdk/src/common/pico_util/pheap.c.obj
                0x000000001000194c                ph_merge_two_pass
 .text.ph_remove_any_head
                0x00000000100019dc      0x100 CMakeFiles/pio_jtag.dir/home/om/Desktop/task_rpi_pico/pico/pico-sdk/src/common/pico_util/pheap.c.obj
 .text.ph_remove_head
                0x0000000010001adc      0x144 CMakeFiles/pio_jtag.dir/home/om/Desktop/task_rpi_pico/pico/pico-sdk/src/common/pico_util/pheap.c.obj
                0x0000000010001adc                ph_remove_head
 .text.ph_remove_and_free_node
                0x0000000010001c20       0x7c CMakeFiles/pio_jtag.dir/home/om/Desktop/task_rpi_pico/pico/pico-sdk/src/common/pico_util/pheap.c.obj
                0x0000000010001c20                ph_remove_and_free_node
 .text.uart_init
                0x0000000010001c9c       0xe4 CMakeFiles/pio_jtag.dir/home/om/Desktop/task_rpi_pico/pico/pico-sdk/src/rp2_common/hardware_uart/uart.c.obj
                0x0000000010001c9c                uart_init
 .text.clocks_init
                0x0000000010001d80      0x2bc CMakeFiles/pio_jtag.dir/home/om/Desktop/task_rpi_pico/pico/pico-sdk/src/rp2_common/hardware_clocks/clocks.c.obj
                0x0000000010001d80                clocks_init
 .text.clock_get_hz
                0x000000001000203c        0xc CMakeFiles/pio_jtag.dir/home/om/Desktop/task_rpi_pico/pico/pico-sdk/src/rp2_common/hardware_clocks/clocks.c.obj
                0x000000001000203c                clock_get_hz
 .text.pll_init
                0x0000000010002048       0xa8 CMakeFiles/pio_jtag.dir/home/om/Desktop/task_rpi_pico/pico/pico-sdk/src/rp2_common/hardware_pll/pll.c.obj
                0x0000000010002048                pll_init
 .text.watchdog_start_tick
                0x00000000100020f0       0x10 CMakeFiles/pio_jtag.dir/home/om/Desktop/task_rpi_pico/pico/pico-sdk/src/rp2_common/hardware_watchdog/watchdog.c.obj
                0x00000000100020f0                watchdog_start_tick
 .text.xosc_init
                0x0000000010002100       0x28 CMakeFiles/pio_jtag.dir/home/om/Desktop/task_rpi_pico/pico/pico-sdk/src/rp2_common/hardware_xosc/xosc.c.obj
                0x0000000010002100                xosc_init
 .text.runtime_init
                0x0000000010002128       0xf0 CMakeFiles/pio_jtag.dir/home/om/Desktop/task_rpi_pico/pico/pico-sdk/src/rp2_common/pico_runtime/runtime.c.obj
                0x0000000010002128                runtime_init
 .text._exit    0x0000000010002218        0x4 CMakeFiles/pio_jtag.dir/home/om/Desktop/task_rpi_pico/pico/pico-sdk/src/rp2_common/pico_runtime/runtime.c.obj
                0x0000000010002218                _exit
 .text.exit     0x000000001000221c        0x8 CMakeFiles/pio_jtag.dir/home/om/Desktop/task_rpi_pico/pico/pico-sdk/src/rp2_common/pico_runtime/runtime.c.obj
                0x000000001000221c                exit
 .text.panic    0x0000000010002224       0x30 CMakeFiles/pio_jtag.dir/home/om/Desktop/task_rpi_pico/pico/pico-sdk/src/rp2_common/pico_runtime/runtime.c.obj
                0x0000000010002224                panic
 .text.hard_assertion_failure
                0x0000000010002254        0xc CMakeFiles/pio_jtag.dir/home/om/Desktop/task_rpi_pico/pico/pico-sdk/src/rp2_common/pico_runtime/runtime.c.obj
                0x0000000010002254                hard_assertion_failure
 .text._out_buffer
                0x0000000010002260        0x8 CMakeFiles/pio_jtag.dir/home/om/Desktop/task_rpi_pico/pico/pico-sdk/src/rp2_common/pico_printf/printf.c.obj
 .text._out_null
                0x0000000010002268        0x4 CMakeFiles/pio_jtag.dir/home/om/Desktop/task_rpi_pico/pico/pico-sdk/src/rp2_common/pico_printf/printf.c.obj
 .text._out_rev
                0x000000001000226c       0xd0 CMakeFiles/pio_jtag.dir/home/om/Desktop/task_rpi_pico/pico/pico-sdk/src/rp2_common/pico_printf/printf.c.obj
 .text._ntoa_format
                0x000000001000233c      0x1d0 CMakeFiles/pio_jtag.dir/home/om/Desktop/task_rpi_pico/pico/pico-sdk/src/rp2_common/pico_printf/printf.c.obj
 .text._out_char
                0x000000001000250c       0x10 CMakeFiles/pio_jtag.dir/home/om/Desktop/task_rpi_pico/pico/pico-sdk/src/rp2_common/pico_printf/printf.c.obj
 .text._etoa    0x000000001000251c      0x478 CMakeFiles/pio_jtag.dir/home/om/Desktop/task_rpi_pico/pico/pico-sdk/src/rp2_common/pico_printf/printf.c.obj
 .text._ftoa    0x0000000010002994      0x3e0 CMakeFiles/pio_jtag.dir/home/om/Desktop/task_rpi_pico/pico/pico-sdk/src/rp2_common/pico_printf/printf.c.obj
 .text._vsnprintf
                0x0000000010002d74      0xb08 CMakeFiles/pio_jtag.dir/home/om/Desktop/task_rpi_pico/pico/pico-sdk/src/rp2_common/pico_printf/printf.c.obj
 .text.__wrap_snprintf
                0x000000001000387c       0x28 CMakeFiles/pio_jtag.dir/home/om/Desktop/task_rpi_pico/pico/pico-sdk/src/rp2_common/pico_printf/printf.c.obj
                0x000000001000387c                __wrap_snprintf
 .text.weak_raw_vprintf
                0x00000000100038a4       0x30 CMakeFiles/pio_jtag.dir/home/om/Desktop/task_rpi_pico/pico/pico-sdk/src/rp2_common/pico_printf/printf.c.obj
                0x00000000100038a4                weak_raw_vprintf
 .text          0x00000000100038d4       0x10 CMakeFiles/pio_jtag.dir/home/om/Desktop/task_rpi_pico/pico/pico-sdk/src/rp2_common/pico_bit_ops/bit_ops_aeabi.S.obj
 .text.ctzsi    0x00000000100038e4        0xc CMakeFiles/pio_jtag.dir/home/om/Desktop/task_rpi_pico/pico/pico-sdk/src/rp2_common/pico_bit_ops/bit_ops_aeabi.S.obj
                0x00000000100038e4                __wrap___ctzsi2
 .text.rom_func_lookup
                0x00000000100038f0       0x10 CMakeFiles/pio_jtag.dir/home/om/Desktop/task_rpi_pico/pico/pico-sdk/src/rp2_common/pico_bootrom/bootrom.c.obj
                0x00000000100038f0                rom_func_lookup
 .text.rom_data_lookup
                0x0000000010003900       0x10 CMakeFiles/pio_jtag.dir/home/om/Desktop/task_rpi_pico/pico/pico-sdk/src/rp2_common/pico_bootrom/bootrom.c.obj
                0x0000000010003900                rom_data_lookup
 .text.rom_funcs_lookup
                0x0000000010003910       0x3c CMakeFiles/pio_jtag.dir/home/om/Desktop/task_rpi_pico/pico/pico-sdk/src/rp2_common/pico_bootrom/bootrom.c.obj
                0x0000000010003910                rom_funcs_lookup
 .text.__wrap___aeabi_idiv
                0x000000001000394c       0x50 CMakeFiles/pio_jtag.dir/home/om/Desktop/task_rpi_pico/pico/pico-sdk/src/rp2_common/pico_divider/divider.S.obj
                0x000000001000394c                __wrap___aeabi_idivmod
                0x000000001000394c                divmod_s32s32
                0x000000001000394c                div_s32s32
                0x000000001000394c                __wrap___aeabi_idiv
                0x0000000010003954                divmod_s32s32_unsafe
                0x0000000010003980                divmod_s32s32_savestate
 .text.__wrap___aeabi_uidiv
                0x000000001000399c       0x4c CMakeFiles/pio_jtag.dir/home/om/Desktop/task_rpi_pico/pico/pico-sdk/src/rp2_common/pico_divider/divider.S.obj
                0x000000001000399c                __wrap___aeabi_uidiv
                0x000000001000399c                __wrap___aeabi_uidivmod
                0x000000001000399c                div_u32u32
                0x000000001000399c                divmod_u32u32
                0x00000000100039a4                divmod_u32u32_unsafe
                0x00000000100039cc                divmod_u32u32_savestate
 .text.__wrap___aeabi_ldiv
                0x00000000100039e8      0x424 CMakeFiles/pio_jtag.dir/home/om/Desktop/task_rpi_pico/pico/pico-sdk/src/rp2_common/pico_divider/divider.S.obj
                0x00000000100039e8                div_s64s64
                0x00000000100039e8                divmod_s64s64
                0x00000000100039e8                __wrap___aeabi_ldivmod
                0x0000000010003a18                div_u64u64
                0x0000000010003a18                divmod_u64u64
                0x0000000010003a18                __wrap___aeabi_uldivmod
                0x0000000010003a28                divmod_u64u64_savestate
                0x0000000010003a48                divmod_s64s64_unsafe
                0x0000000010003ad0                divmod_u64u64_unsafe
 .text.__wrap___aeabi_darithmetic
                0x0000000010003e0c       0x80 CMakeFiles/pio_jtag.dir/home/om/Desktop/task_rpi_pico/pico/pico-sdk/src/rp2_common/pico_double/double_aeabi.S.obj
                0x0000000010003e0c                __wrap___aeabi_drsub
                0x0000000010003e12                __wrap___aeabi_dsub
                0x0000000010003e24                __wrap___aeabi_dadd
                0x0000000010003e36                __wrap___aeabi_ddiv
                0x0000000010003e72                __wrap___aeabi_dmul
 .text.__wrap___aeabi_cdcmple
                0x0000000010003e8c       0x6c CMakeFiles/pio_jtag.dir/home/om/Desktop/task_rpi_pico/pico/pico-sdk/src/rp2_common/pico_double/double_aeabi.S.obj
                0x0000000010003e8c                __wrap___aeabi_cdrcmple
                0x0000000010003e9c                __wrap___aeabi_cdcmple
                0x0000000010003e9c                __wrap___aeabi_cdcmpeq
 .text.__wrap___aeabi_dcmplt
                0x0000000010003ef8        0xc CMakeFiles/pio_jtag.dir/home/om/Desktop/task_rpi_pico/pico/pico-sdk/src/rp2_common/pico_double/double_aeabi.S.obj
                0x0000000010003ef8                __wrap___aeabi_dcmplt
 .text.__wrap___aeabi_dcmple
                0x0000000010003f04       0x10 CMakeFiles/pio_jtag.dir/home/om/Desktop/task_rpi_pico/pico/pico-sdk/src/rp2_common/pico_double/double_aeabi.S.obj
                0x0000000010003f04                __wrap___aeabi_dcmple
 .text.__wrap___aeabi_dcmpge
                0x0000000010003f14       0x10 CMakeFiles/pio_jtag.dir/home/om/Desktop/task_rpi_pico/pico/pico-sdk/src/rp2_common/pico_double/double_aeabi.S.obj
                0x0000000010003f14                __wrap___aeabi_dcmpge
 .text.__wrap___aeabi_dcmpgt
                0x0000000010003f24        0xa CMakeFiles/pio_jtag.dir/home/om/Desktop/task_rpi_pico/pico/pico-sdk/src/rp2_common/pico_double/double_aeabi.S.obj
                0x0000000010003f24                __wrap___aeabi_dcmpgt
 .text.__wrap___aeabi_dcmpun
                0x0000000010003f2e       0x1c CMakeFiles/pio_jtag.dir/home/om/Desktop/task_rpi_pico/pico/pico-sdk/src/rp2_common/pico_double/double_aeabi.S.obj
                0x0000000010003f2e                __wrap___aeabi_dcmpun
 *fill*         0x0000000010003f4a        0x2 
 .text.__wrap___aeabi_i2d
                0x0000000010003f4c       0x38 CMakeFiles/pio_jtag.dir/home/om/Desktop/task_rpi_pico/pico/pico-sdk/src/rp2_common/pico_double/double_aeabi.S.obj
                0x0000000010003f4c                __wrap___aeabi_ui2d
                0x0000000010003f54                __wrap___aeabi_i2d
 .text.__wrap___aeabi_d2iz
                0x0000000010003f84       0x48 CMakeFiles/pio_jtag.dir/home/om/Desktop/task_rpi_pico/pico/pico-sdk/src/rp2_common/pico_double/double_aeabi.S.obj
                0x0000000010003f84                __wrap___aeabi_d2iz
                0x0000000010003f84                double2int_z
 .text.__wrap___aeabi_d2uiz
                0x0000000010003fcc       0x18 CMakeFiles/pio_jtag.dir/home/om/Desktop/task_rpi_pico/pico/pico-sdk/src/rp2_common/pico_double/double_aeabi.S.obj
                0x0000000010003fcc                double2uint
                0x0000000010003fcc                __wrap___aeabi_d2uiz
 .text.__aeabi_double_init
                0x0000000010003fe4       0xc0 CMakeFiles/pio_jtag.dir/home/om/Desktop/task_rpi_pico/pico/pico-sdk/src/rp2_common/pico_double/double_init_rom.c.obj
                0x0000000010003fe4                __aeabi_double_init
 .text.double_table_shim_on_use_helper
                0x00000000100040a4       0x2c CMakeFiles/pio_jtag.dir/home/om/Desktop/task_rpi_pico/pico/pico-sdk/src/rp2_common/pico_double/double_v1_rom_shim.S.obj
                0x00000000100040a4                double_table_shim_on_use_helper
 .text.__wrap___aeabi_dsub
                0x00000000100040d0       0x10 CMakeFiles/pio_jtag.dir/home/om/Desktop/task_rpi_pico/pico/pico-sdk/src/rp2_common/pico_double/double_v1_rom_shim.S.obj
                0x00000000100040d0                drsub_shim
                0x00000000100040d6                dsub_shim
 .text.dadd_shim
                0x00000000100040e0      0x15c CMakeFiles/pio_jtag.dir/home/om/Desktop/task_rpi_pico/pico/pico-sdk/src/rp2_common/pico_double/double_v1_rom_shim.S.obj
                0x00000000100040e0                dadd_shim
 .text.dmul_shim
                0x000000001000423c      0x15c CMakeFiles/pio_jtag.dir/home/om/Desktop/task_rpi_pico/pico/pico-sdk/src/rp2_common/pico_double/double_v1_rom_shim.S.obj
                0x000000001000423c                dmul_shim
 .text.ddiv_shim
                0x0000000010004398      0x1b0 CMakeFiles/pio_jtag.dir/home/om/Desktop/task_rpi_pico/pico/pico-sdk/src/rp2_common/pico_double/double_v1_rom_shim.S.obj
                0x0000000010004398                ddiv_shim
 .text.double2uint_shim
                0x0000000010004548        0xe CMakeFiles/pio_jtag.dir/home/om/Desktop/task_rpi_pico/pico/pico-sdk/src/rp2_common/pico_double/double_v1_rom_shim.S.obj
                0x0000000010004548                double2uint_shim
                0x000000001000454a                double2ufix_shim
 *fill*         0x0000000010004556        0x2 
 .text.double2uint64_shim
                0x0000000010004558       0x70 CMakeFiles/pio_jtag.dir/home/om/Desktop/task_rpi_pico/pico/pico-sdk/src/rp2_common/pico_double/double_v1_rom_shim.S.obj
                0x0000000010004558                double2uint64_shim
                0x000000001000455a                double2ufix64_shim
                0x000000001000457a                d2fix_a
 .text.dunpacks
                0x00000000100045c8       0x3c CMakeFiles/pio_jtag.dir/home/om/Desktop/task_rpi_pico/pico/pico-sdk/src/rp2_common/pico_double/double_v1_rom_shim.S.obj
                0x00000000100045c8                dunpacks
 .text.__aeabi_lmul
                0x0000000010004604       0x32 CMakeFiles/pio_jtag.dir/home/om/Desktop/task_rpi_pico/pico/pico-sdk/src/rp2_common/pico_int64_ops/pico_int64_ops_aeabi.S.obj
                0x0000000010004604                __wrap___aeabi_lmul
 *fill*         0x0000000010004636        0x2 
 .text.__wrap___aeabi_farithmetic
                0x0000000010004638       0x48 CMakeFiles/pio_jtag.dir/home/om/Desktop/task_rpi_pico/pico/pico-sdk/src/rp2_common/pico_float/float_aeabi.S.obj
                0x0000000010004638                __wrap___aeabi_frsub
                0x000000001000463e                __wrap___aeabi_fsub
                0x0000000010004644                __wrap___aeabi_fadd
                0x000000001000464a                __wrap___aeabi_fdiv
                0x0000000010004672                __wrap___aeabi_fmul
 .text.__wrap___aeabi_ui2f
                0x0000000010004680        0xa CMakeFiles/pio_jtag.dir/home/om/Desktop/task_rpi_pico/pico/pico-sdk/src/rp2_common/pico_float/float_aeabi.S.obj
                0x0000000010004680                __wrap___aeabi_ui2f
 *fill*         0x000000001000468a        0x2 
 .text.__wrap___aeabi_i2f
                0x000000001000468c       0x44 CMakeFiles/pio_jtag.dir/home/om/Desktop/task_rpi_pico/pico/pico-sdk/src/rp2_common/pico_float/float_aeabi.S.obj
                0x000000001000468c                __wrap___aeabi_i2f
 .text.__wrap___aeabi_f2uiz
                0x00000000100046d0        0xc CMakeFiles/pio_jtag.dir/home/om/Desktop/task_rpi_pico/pico/pico-sdk/src/rp2_common/pico_float/float_aeabi.S.obj
                0x00000000100046d0                __wrap___aeabi_f2uiz
 .text.__aeabi_float_init
                0x00000000100046dc       0x64 CMakeFiles/pio_jtag.dir/home/om/Desktop/task_rpi_pico/pico/pico-sdk/src/rp2_common/pico_float/float_init_rom.c.obj
                0x00000000100046dc                __aeabi_float_init
 .text.float_table_shim_on_use_helper
                0x0000000010004740       0x2c CMakeFiles/pio_jtag.dir/home/om/Desktop/task_rpi_pico/pico/pico-sdk/src/rp2_common/pico_float/float_v1_rom_shim.S.obj
                0x0000000010004740                float_table_shim_on_use_helper
 .text          0x000000001000476c       0x10 CMakeFiles/pio_jtag.dir/home/om/Desktop/task_rpi_pico/pico/pico-sdk/src/rp2_common/pico_mem_ops/mem_ops_aeabi.S.obj
                0x000000001000476c                __aeabi_mem_init
 .text.memset   0x000000001000477c        0xc CMakeFiles/pio_jtag.dir/home/om/Desktop/task_rpi_pico/pico/pico-sdk/src/rp2_common/pico_mem_ops/mem_ops_aeabi.S.obj
                0x000000001000477c                __wrap_memset
 .text.memcpy   0x0000000010004788        0xc CMakeFiles/pio_jtag.dir/home/om/Desktop/task_rpi_pico/pico/pico-sdk/src/rp2_common/pico_mem_ops/mem_ops_aeabi.S.obj
                0x0000000010004788                __wrap___aeabi_memcpy
                0x0000000010004788                __wrap_memcpy
 .text.stdio_out_chars_no_crlf
                0x0000000010004794       0x10 CMakeFiles/pio_jtag.dir/home/om/Desktop/task_rpi_pico/pico/pico-sdk/src/rp2_common/pico_stdio/stdio.c.obj
 .text.stdio_out_chars_crlf
                0x00000000100047a4       0x94 CMakeFiles/pio_jtag.dir/home/om/Desktop/task_rpi_pico/pico/pico-sdk/src/rp2_common/pico_stdio/stdio.c.obj
 .text.stdio_put_string
                0x0000000010004838      0x104 CMakeFiles/pio_jtag.dir/home/om/Desktop/task_rpi_pico/pico/pico-sdk/src/rp2_common/pico_stdio/stdio.c.obj
 .text.__wrap_putchar
                0x000000001000493c       0x98 CMakeFiles/pio_jtag.dir/home/om/Desktop/task_rpi_pico/pico/pico-sdk/src/rp2_common/pico_stdio/stdio.c.obj
                0x000000001000493c                __wrap_putchar
 .text.__wrap_puts
                0x00000000100049d4       0x3c CMakeFiles/pio_jtag.dir/home/om/Desktop/task_rpi_pico/pico/pico-sdk/src/rp2_common/pico_stdio/stdio.c.obj
                0x00000000100049d4                __wrap_puts
 .text.stdio_set_driver_enabled
                0x0000000010004a10       0x30 CMakeFiles/pio_jtag.dir/home/om/Desktop/task_rpi_pico/pico/pico-sdk/src/rp2_common/pico_stdio/stdio.c.obj
                0x0000000010004a10                stdio_set_driver_enabled
 .text.stdio_uart_out_chars
                0x0000000010004a40       0x4c CMakeFiles/pio_jtag.dir/home/om/Desktop/task_rpi_pico/pico/pico-sdk/src/rp2_common/pico_stdio_uart/stdio_uart.c.obj
 .text.stdio_uart_in_chars
                0x0000000010004a8c       0x84 CMakeFiles/pio_jtag.dir/home/om/Desktop/task_rpi_pico/pico/pico-sdk/src/rp2_common/pico_stdio_uart/stdio_uart.c.obj
                0x0000000010004a8c                stdio_uart_in_chars
 .text.on_uart_rx
                0x0000000010004b10       0x28 CMakeFiles/pio_jtag.dir/home/om/Desktop/task_rpi_pico/pico/pico-sdk/src/rp2_common/pico_stdio_uart/stdio_uart.c.obj
 .text.stdio_uart_set_chars_available_callback
                0x0000000010004b38       0x8c CMakeFiles/pio_jtag.dir/home/om/Desktop/task_rpi_pico/pico/pico-sdk/src/rp2_common/pico_stdio_uart/stdio_uart.c.obj
 .text.stdio_uart_init_full
                0x0000000010004bc4       0x3c CMakeFiles/pio_jtag.dir/home/om/Desktop/task_rpi_pico/pico/pico-sdk/src/rp2_common/pico_stdio_uart/stdio_uart.c.obj
                0x0000000010004bc4                stdio_uart_init_full
 .text.pio_add_program
                0x0000000010004c00       0xe4 CMakeFiles/pio_jtag.dir/home/om/Desktop/task_rpi_pico/pico/pico-sdk/src/rp2_common/hardware_pio/pio.c.obj
                0x0000000010004c00                pio_add_program
 .text.pio_sm_set_pindirs_with_mask
                0x0000000010004ce4       0xa4 CMakeFiles/pio_jtag.dir/home/om/Desktop/task_rpi_pico/pico/pico-sdk/src/rp2_common/hardware_pio/pio.c.obj
                0x0000000010004ce4                pio_sm_set_pindirs_with_mask
 .text.pio_sm_init
                0x0000000010004d88       0x8c CMakeFiles/pio_jtag.dir/home/om/Desktop/task_rpi_pico/pico/pico-sdk/src/rp2_common/hardware_pio/pio.c.obj
                0x0000000010004d88                pio_sm_init
 .text.dma_claim_unused_channel
                0x0000000010004e14       0x20 CMakeFiles/pio_jtag.dir/home/om/Desktop/task_rpi_pico/pico/pico-sdk/src/rp2_common/hardware_dma/dma.c.obj
                0x0000000010004e14                dma_claim_unused_channel
 .text.core1_trampoline
                0x0000000010004e34        0x4 CMakeFiles/pio_jtag.dir/home/om/Desktop/task_rpi_pico/pico/pico-sdk/src/rp2_common/pico_multicore/multicore.c.obj
 .text.core1_wrapper
                0x0000000010004e38        0xc CMakeFiles/pio_jtag.dir/home/om/Desktop/task_rpi_pico/pico/pico-sdk/src/rp2_common/pico_multicore/multicore.c.obj
                0x0000000010004e38                core1_wrapper
 .text.multicore_fifo_push_blocking
                0x0000000010004e44       0x14 CMakeFiles/pio_jtag.dir/home/om/Desktop/task_rpi_pico/pico/pico-sdk/src/rp2_common/pico_multicore/multicore.c.obj
                0x0000000010004e44                multicore_fifo_push_blocking
 .text.multicore_fifo_pop_blocking
                0x0000000010004e58       0x1c CMakeFiles/pio_jtag.dir/home/om/Desktop/task_rpi_pico/pico/pico-sdk/src/rp2_common/pico_multicore/multicore.c.obj
                0x0000000010004e58                multicore_fifo_pop_blocking
 .text.multicore_launch_core1_raw
                0x0000000010004e74       0x84 CMakeFiles/pio_jtag.dir/home/om/Desktop/task_rpi_pico/pico/pico-sdk/src/rp2_common/pico_multicore/multicore.c.obj
                0x0000000010004e74                multicore_launch_core1_raw
 .text.multicore_launch_core1
                0x0000000010004ef8       0x4c CMakeFiles/pio_jtag.dir/home/om/Desktop/task_rpi_pico/pico/pico-sdk/src/rp2_common/pico_multicore/multicore.c.obj
                0x0000000010004ef8                multicore_launch_core1
 .text.startup._retrieve_unique_id_on_boot
                0x0000000010004f44       0x10 CMakeFiles/pio_jtag.dir/home/om/Desktop/task_rpi_pico/pico/pico-sdk/src/rp2_common/pico_unique_id/unique_id.c.obj
 .text.pico_get_unique_board_id
                0x0000000010004f54       0x10 CMakeFiles/pio_jtag.dir/home/om/Desktop/task_rpi_pico/pico/pico-sdk/src/rp2_common/pico_unique_id/unique_id.c.obj
                0x0000000010004f54                pico_get_unique_board_id
 .text.flash_get_unique_id
                0x0000000010004f64       0x40 CMakeFiles/pio_jtag.dir/home/om/Desktop/task_rpi_pico/pico/pico-sdk/src/rp2_common/hardware_flash/flash.c.obj
                0x0000000010004f64                flash_get_unique_id
 .text.dcd_int_enable
                0x0000000010004fa4        0xc CMakeFiles/pio_jtag.dir/home/om/Desktop/task_rpi_pico/pico/pico-sdk/lib/tinyusb/src/portable/raspberrypi/rp2040/dcd_rp2040.c.obj
                0x0000000010004fa4                dcd_int_enable
 .text.dcd_set_address
                0x0000000010004fb0       0x14 CMakeFiles/pio_jtag.dir/home/om/Desktop/task_rpi_pico/pico/pico-sdk/lib/tinyusb/src/portable/raspberrypi/rp2040/dcd_rp2040.c.obj
                0x0000000010004fb0                dcd_set_address
 .text.dcd_connect
                0x0000000010004fc4       0x10 CMakeFiles/pio_jtag.dir/home/om/Desktop/task_rpi_pico/pico/pico-sdk/lib/tinyusb/src/portable/raspberrypi/rp2040/dcd_rp2040.c.obj
                0x0000000010004fc4                dcd_connect
 .text.dcd_init
                0x0000000010004fd4       0x9c CMakeFiles/pio_jtag.dir/home/om/Desktop/task_rpi_pico/pico/pico-sdk/lib/tinyusb/src/portable/raspberrypi/rp2040/dcd_rp2040.c.obj
                0x0000000010004fd4                dcd_init
 .text.dcd_edpt0_status_complete
                0x0000000010005070       0x1c CMakeFiles/pio_jtag.dir/home/om/Desktop/task_rpi_pico/pico/pico-sdk/lib/tinyusb/src/portable/raspberrypi/rp2040/dcd_rp2040.c.obj
                0x0000000010005070                dcd_edpt0_status_complete
 .text.dcd_edpt_open
                0x000000001000508c      0x108 CMakeFiles/pio_jtag.dir/home/om/Desktop/task_rpi_pico/pico/pico-sdk/lib/tinyusb/src/portable/raspberrypi/rp2040/dcd_rp2040.c.obj
                0x000000001000508c                dcd_edpt_open
 .text.dcd_edpt_close_all
                0x0000000010005194        0x8 CMakeFiles/pio_jtag.dir/home/om/Desktop/task_rpi_pico/pico/pico-sdk/lib/tinyusb/src/portable/raspberrypi/rp2040/dcd_rp2040.c.obj
                0x0000000010005194                dcd_edpt_close_all
 .text.dcd_edpt_xfer
                0x000000001000519c       0x24 CMakeFiles/pio_jtag.dir/home/om/Desktop/task_rpi_pico/pico/pico-sdk/lib/tinyusb/src/portable/raspberrypi/rp2040/dcd_rp2040.c.obj
                0x000000001000519c                dcd_edpt_xfer
 .text.dcd_edpt_stall
                0x00000000100051c0       0x38 CMakeFiles/pio_jtag.dir/home/om/Desktop/task_rpi_pico/pico/pico-sdk/lib/tinyusb/src/portable/raspberrypi/rp2040/dcd_rp2040.c.obj
                0x00000000100051c0                dcd_edpt_stall
 .text.dcd_edpt_clear_stall
                0x00000000100051f8       0x30 CMakeFiles/pio_jtag.dir/home/om/Desktop/task_rpi_pico/pico/pico-sdk/lib/tinyusb/src/portable/raspberrypi/rp2040/dcd_rp2040.c.obj
                0x00000000100051f8                dcd_edpt_clear_stall
 .text.rp2040_usb_init
                0x0000000010005228       0x4c CMakeFiles/pio_jtag.dir/home/om/Desktop/task_rpi_pico/pico/pico-sdk/lib/tinyusb/src/portable/raspberrypi/rp2040/rp2040_usb.c.obj
                0x0000000010005228                rp2040_usb_init
 .text.hw_endpoint_xfer_start
                0x0000000010005274       0x54 CMakeFiles/pio_jtag.dir/home/om/Desktop/task_rpi_pico/pico/pico-sdk/lib/tinyusb/src/portable/raspberrypi/rp2040/rp2040_usb.c.obj
                0x0000000010005274                hw_endpoint_xfer_start
 .text.tud_inited
                0x00000000100052c8       0x14 CMakeFiles/pio_jtag.dir/home/om/Desktop/task_rpi_pico/pico/pico-sdk/lib/tinyusb/src/device/usbd.c.obj
                0x00000000100052c8                tud_inited
 .text.tud_init
                0x00000000100052dc       0xe4 CMakeFiles/pio_jtag.dir/home/om/Desktop/task_rpi_pico/pico/pico-sdk/lib/tinyusb/src/device/usbd.c.obj
                0x00000000100052dc                tud_init
 .text.tud_task_ext
                0x00000000100053c0      0x874 CMakeFiles/pio_jtag.dir/home/om/Desktop/task_rpi_pico/pico/pico-sdk/lib/tinyusb/src/device/usbd.c.obj
                0x00000000100053c0                tud_task_ext
 .text.usbd_open_edpt_pair
                0x0000000010005c34       0x9c CMakeFiles/pio_jtag.dir/home/om/Desktop/task_rpi_pico/pico/pico-sdk/lib/tinyusb/src/device/usbd.c.obj
                0x0000000010005c34                usbd_open_edpt_pair
 .text.usbd_edpt_xfer
                0x0000000010005cd0       0x4c CMakeFiles/pio_jtag.dir/home/om/Desktop/task_rpi_pico/pico/pico-sdk/lib/tinyusb/src/device/usbd.c.obj
                0x0000000010005cd0                usbd_edpt_xfer
 .text.usbd_edpt_busy
                0x0000000010005d1c       0x1c CMakeFiles/pio_jtag.dir/home/om/Desktop/task_rpi_pico/pico/pico-sdk/lib/tinyusb/src/device/usbd.c.obj
                0x0000000010005d1c                usbd_edpt_busy
 .text.tud_control_status
                0x0000000010005d38       0x30 CMakeFiles/pio_jtag.dir/home/om/Desktop/task_rpi_pico/pico/pico-sdk/lib/tinyusb/src/device/usbd_control.c.obj
                0x0000000010005d38                tud_control_status
 .text.tud_control_xfer
                0x0000000010005d68       0xb8 CMakeFiles/pio_jtag.dir/home/om/Desktop/task_rpi_pico/pico/pico-sdk/lib/tinyusb/src/device/usbd_control.c.obj
                0x0000000010005d68                tud_control_xfer
 .text.usbd_control_reset
                0x0000000010005e20       0x14 CMakeFiles/pio_jtag.dir/home/om/Desktop/task_rpi_pico/pico/pico-sdk/lib/tinyusb/src/device/usbd_control.c.obj
                0x0000000010005e20                usbd_control_reset
 .text.usbd_control_set_complete_callback
                0x0000000010005e34        0xc CMakeFiles/pio_jtag.dir/home/om/Desktop/task_rpi_pico/pico/pico-sdk/lib/tinyusb/src/device/usbd_control.c.obj
                0x0000000010005e34                usbd_control_set_complete_callback
 .text.usbd_control_set_request
                0x0000000010005e40       0x1c CMakeFiles/pio_jtag.dir/home/om/Desktop/task_rpi_pico/pico/pico-sdk/lib/tinyusb/src/device/usbd_control.c.obj
                0x0000000010005e40                usbd_control_set_request
 .text.usbd_control_xfer_cb
                0x0000000010005e5c       0xf8 CMakeFiles/pio_jtag.dir/home/om/Desktop/task_rpi_pico/pico/pico-sdk/lib/tinyusb/src/device/usbd_control.c.obj
                0x0000000010005e5c                usbd_control_xfer_cb
 .text.tud_vendor_n_available
                0x0000000010005f54       0x20 CMakeFiles/pio_jtag.dir/home/om/Desktop/task_rpi_pico/pico/pico-sdk/lib/tinyusb/src/class/vendor/vendor_device.c.obj
                0x0000000010005f54                tud_vendor_n_available
 .text.tud_vendor_n_read
                0x0000000010005f74       0x5c CMakeFiles/pio_jtag.dir/home/om/Desktop/task_rpi_pico/pico/pico-sdk/lib/tinyusb/src/class/vendor/vendor_device.c.obj
                0x0000000010005f74                tud_vendor_n_read
 .text.tud_vendor_n_write
                0x0000000010005fd0       0x6c CMakeFiles/pio_jtag.dir/home/om/Desktop/task_rpi_pico/pico/pico-sdk/lib/tinyusb/src/class/vendor/vendor_device.c.obj
                0x0000000010005fd0                tud_vendor_n_write
 .text.tud_vendor_n_flush
                0x000000001000603c       0x54 CMakeFiles/pio_jtag.dir/home/om/Desktop/task_rpi_pico/pico/pico-sdk/lib/tinyusb/src/class/vendor/vendor_device.c.obj
                0x000000001000603c                tud_vendor_n_flush
 .text.vendord_init
                0x0000000010006090       0x5c CMakeFiles/pio_jtag.dir/home/om/Desktop/task_rpi_pico/pico/pico-sdk/lib/tinyusb/src/class/vendor/vendor_device.c.obj
                0x0000000010006090                vendord_init
 .text.vendord_reset
                0x00000000100060ec       0x1c CMakeFiles/pio_jtag.dir/home/om/Desktop/task_rpi_pico/pico/pico-sdk/lib/tinyusb/src/class/vendor/vendor_device.c.obj
                0x00000000100060ec                vendord_reset
 .text.vendord_open
                0x0000000010006108       0xc4 CMakeFiles/pio_jtag.dir/home/om/Desktop/task_rpi_pico/pico/pico-sdk/lib/tinyusb/src/class/vendor/vendor_device.c.obj
                0x0000000010006108                vendord_open
 .text.vendord_xfer_cb
                0x00000000100061cc       0xac CMakeFiles/pio_jtag.dir/home/om/Desktop/task_rpi_pico/pico/pico-sdk/lib/tinyusb/src/class/vendor/vendor_device.c.obj
                0x00000000100061cc                vendord_xfer_cb
 .text.tusb_init
                0x0000000010006278        0xc CMakeFiles/pio_jtag.dir/home/om/Desktop/task_rpi_pico/pico/pico-sdk/lib/tinyusb/src/tusb.c.obj
                0x0000000010006278                tusb_init
 .text.tusb_inited
                0x0000000010006284        0x8 CMakeFiles/pio_jtag.dir/home/om/Desktop/task_rpi_pico/pico/pico-sdk/lib/tinyusb/src/tusb.c.obj
                0x0000000010006284                tusb_inited
 .text.tu_edpt_validate
                0x000000001000628c       0x78 CMakeFiles/pio_jtag.dir/home/om/Desktop/task_rpi_pico/pico/pico-sdk/lib/tinyusb/src/tusb.c.obj
                0x000000001000628c                tu_edpt_validate
 .text.tu_edpt_bind_driver
                0x0000000010006304       0x34 CMakeFiles/pio_jtag.dir/home/om/Desktop/task_rpi_pico/pico/pico-sdk/lib/tinyusb/src/tusb.c.obj
                0x0000000010006304                tu_edpt_bind_driver
 .text.tu_fifo_config
                0x0000000010006338       0x70 CMakeFiles/pio_jtag.dir/home/om/Desktop/task_rpi_pico/pico/pico-sdk/lib/tinyusb/src/common/tusb_fifo.c.obj
                0x0000000010006338                tu_fifo_config
 .text.tu_fifo_count
                0x00000000100063a8       0x2c CMakeFiles/pio_jtag.dir/home/om/Desktop/task_rpi_pico/pico/pico-sdk/lib/tinyusb/src/common/tusb_fifo.c.obj
                0x00000000100063a8                tu_fifo_count
 .text.tu_fifo_remaining
                0x00000000100063d4       0x2c CMakeFiles/pio_jtag.dir/home/om/Desktop/task_rpi_pico/pico/pico-sdk/lib/tinyusb/src/common/tusb_fifo.c.obj
                0x00000000100063d4                tu_fifo_remaining
 .text.tu_fifo_read
                0x0000000010006400       0x9c CMakeFiles/pio_jtag.dir/home/om/Desktop/task_rpi_pico/pico/pico-sdk/lib/tinyusb/src/common/tusb_fifo.c.obj
                0x0000000010006400                tu_fifo_read
 .text.tu_fifo_read_n
                0x000000001000649c       0xf0 CMakeFiles/pio_jtag.dir/home/om/Desktop/task_rpi_pico/pico/pico-sdk/lib/tinyusb/src/common/tusb_fifo.c.obj
                0x000000001000649c                tu_fifo_read_n
 .text.tu_fifo_write
                0x000000001000658c       0x88 CMakeFiles/pio_jtag.dir/home/om/Desktop/task_rpi_pico/pico/pico-sdk/lib/tinyusb/src/common/tusb_fifo.c.obj
                0x000000001000658c                tu_fifo_write
 .text.tu_fifo_write_n
                0x0000000010006614      0x158 CMakeFiles/pio_jtag.dir/home/om/Desktop/task_rpi_pico/pico/pico-sdk/lib/tinyusb/src/common/tusb_fifo.c.obj
                0x0000000010006614                tu_fifo_write_n
 .text.tu_fifo_clear
                0x000000001000676c       0x40 CMakeFiles/pio_jtag.dir/home/om/Desktop/task_rpi_pico/pico/pico-sdk/lib/tinyusb/src/common/tusb_fifo.c.obj
                0x000000001000676c                tu_fifo_clear
 .text.board_init
                0x00000000100067ac       0x30 CMakeFiles/pio_jtag.dir/home/om/Desktop/task_rpi_pico/pico/pico-sdk/lib/tinyusb/hw/bsp/rp2040/family.c.obj
                0x00000000100067ac                board_init
 .text          0x00000000100067dc       0x68 /usr/lib/gcc/arm-none-eabi/9.2.1/../../../arm-none-eabi/lib/thumb/v6-m/nofp/libc.a(lib_a-strlen-stub.o)
                0x00000000100067dc                strlen
 *(.fini)
 .fini          0x0000000010006844        0x4 /usr/lib/gcc/arm-none-eabi/9.2.1/thumb/v6-m/nofp/crti.o
                0x0000000010006844                _fini
 .fini.__stub   0x0000000010006848       0xe0 linker stubs
 *crtbegin.o(.ctors)
 *crtbegin?.o(.ctors)
 *(EXCLUDE_FILE(*crtend.o *crtend?.o) .ctors)
 *(SORT_BY_NAME(.ctors.*))
 *(.ctors)
 *crtbegin.o(.dtors)
 *crtbegin?.o(.dtors)
 *(EXCLUDE_FILE(*crtend.o *crtend?.o) .dtors)
 *(SORT_BY_NAME(.dtors.*))
 *(.dtors)
 *(.eh_frame*)
 .eh_frame      0x0000000010006928        0x0 /usr/lib/gcc/arm-none-eabi/9.2.1/thumb/v6-m/nofp/crtbegin.o
                0x0000000010006928                . = ALIGN (0x4)

.glue_7         0x0000000010006928        0x0
 .glue_7        0x0000000010006928        0x0 linker stubs

.glue_7t        0x0000000010006928        0x0
 .glue_7t       0x0000000010006928        0x0 linker stubs

.vfp11_veneer   0x0000000010006928        0x0
 .vfp11_veneer  0x0000000010006928        0x0 linker stubs

.v4_bx          0x0000000010006928        0x0
 .v4_bx         0x0000000010006928        0x0 linker stubs

.iplt           0x0000000010006928        0x0
 .iplt          0x0000000010006928        0x0 /usr/lib/gcc/arm-none-eabi/9.2.1/thumb/v6-m/nofp/crtbegin.o

.rodata         0x0000000010006928      0x598
 *(EXCLUDE_FILE(*libm.a: *libc.a:*lib_a-mem*.o *libgcc.a:) .rodata*)
 .rodata.str1.4
                0x0000000010006928        0x6 CMakeFiles/pio_jtag.dir/pio_jtag.c.obj
 *fill*         0x000000001000692e        0x2 
 .rodata.jtag_program
                0x0000000010006930        0x6 CMakeFiles/pio_jtag.dir/pio_jtag.c.obj
 *fill*         0x0000000010006936        0x2 
 .rodata.jtag_program_instructions
                0x0000000010006938        0xe CMakeFiles/pio_jtag.dir/pio_jtag.c.obj
 *fill*         0x0000000010006946        0x2 
 .rodata.state_transition_program
                0x0000000010006948        0x6 CMakeFiles/pio_jtag.dir/pio_jtag.c.obj
 *fill*         0x000000001000694e        0x2 
 .rodata.state_transition_program_instructions
                0x0000000010006950        0xc CMakeFiles/pio_jtag.dir/pio_jtag.c.obj
 .rodata.str1.4
                0x000000001000695c       0x18 CMakeFiles/pio_jtag.dir/usb_descriptors.c.obj
 .rodata.__compound_literal.0
                0x0000000010006974        0x2 CMakeFiles/pio_jtag.dir/usb_descriptors.c.obj
 *fill*         0x0000000010006976        0x2 
 .rodata.desc_configuration
                0x0000000010006978       0x20 CMakeFiles/pio_jtag.dir/usb_descriptors.c.obj
                0x0000000010006978                desc_configuration
 .rodata.desc_device
                0x0000000010006998       0x12 CMakeFiles/pio_jtag.dir/usb_descriptors.c.obj
                0x0000000010006998                desc_device
 *fill*         0x00000000100069aa        0x2 
 .rodata.cmd_handle.str1.4
                0x00000000100069ac       0x12 CMakeFiles/pio_jtag.dir/cmd.c.obj
 *fill*         0x00000000100069be        0x2 
 .rodata.cmd_handle
                0x00000000100069c0       0x28 CMakeFiles/pio_jtag.dir/cmd.c.obj
 .rodata        0x00000000100069e8        0xa CMakeFiles/pio_jtag.dir/cmd.c.obj
 *fill*         0x00000000100069f2        0x2 
 .rodata.spin_lock_claim_unused.str1.4
                0x00000000100069f4       0x1b CMakeFiles/pio_jtag.dir/home/om/Desktop/task_rpi_pico/pico/pico-sdk/src/rp2_common/hardware_sync/sync.c.obj
 *fill*         0x0000000010006a0f        0x1 
 .rodata.hardware_alarm_claim.str1.4
                0x0000000010006a10       0x22 CMakeFiles/pio_jtag.dir/home/om/Desktop/task_rpi_pico/pico/pico-sdk/src/rp2_common/hardware_timer/timer.c.obj
 *fill*         0x0000000010006a32        0x2 
 .rodata.panic.str1.4
                0x0000000010006a34       0x12 CMakeFiles/pio_jtag.dir/home/om/Desktop/task_rpi_pico/pico/pico-sdk/src/rp2_common/pico_runtime/runtime.c.obj
 *fill*         0x0000000010006a46        0x2 
 .rodata.hard_assertion_failure.str1.4
                0x0000000010006a48        0xc CMakeFiles/pio_jtag.dir/home/om/Desktop/task_rpi_pico/pico/pico-sdk/src/rp2_common/pico_runtime/runtime.c.obj
 .rodata._ftoa.str1.4
                0x0000000010006a54       0x15 CMakeFiles/pio_jtag.dir/home/om/Desktop/task_rpi_pico/pico/pico-sdk/src/rp2_common/pico_printf/printf.c.obj
 *fill*         0x0000000010006a69        0x3 
 .rodata._vsnprintf
                0x0000000010006a6c      0x1e0 CMakeFiles/pio_jtag.dir/home/om/Desktop/task_rpi_pico/pico/pico-sdk/src/rp2_common/pico_printf/printf.c.obj
 *fill*         0x0000000010006c4c        0x4 
 .rodata.pow10.5452
                0x0000000010006c50       0x50 CMakeFiles/pio_jtag.dir/home/om/Desktop/task_rpi_pico/pico/pico-sdk/src/rp2_common/pico_printf/printf.c.obj
 .rodata.str1.4
                0x0000000010006ca0       0x88 CMakeFiles/pio_jtag.dir/home/om/Desktop/task_rpi_pico/pico/pico-sdk/src/rp2_common/pico_standard_link/binary_info.c.obj
 .rodata.__bi_44
                0x0000000010006d28        0xc CMakeFiles/pio_jtag.dir/home/om/Desktop/task_rpi_pico/pico/pico-sdk/src/rp2_common/pico_standard_link/binary_info.c.obj
 .rodata.__bi_56
                0x0000000010006d34        0xc CMakeFiles/pio_jtag.dir/home/om/Desktop/task_rpi_pico/pico/pico-sdk/src/rp2_common/pico_standard_link/binary_info.c.obj
 .rodata.__bi_69
                0x0000000010006d40        0xc CMakeFiles/pio_jtag.dir/home/om/Desktop/task_rpi_pico/pico/pico-sdk/src/rp2_common/pico_standard_link/binary_info.c.obj
 .rodata.__bi_75
                0x0000000010006d4c        0xc CMakeFiles/pio_jtag.dir/home/om/Desktop/task_rpi_pico/pico/pico-sdk/src/rp2_common/pico_standard_link/binary_info.c.obj
 .rodata.__bi_81
                0x0000000010006d58        0xc CMakeFiles/pio_jtag.dir/home/om/Desktop/task_rpi_pico/pico/pico-sdk/src/rp2_common/pico_standard_link/binary_info.c.obj
 .rodata.crlf_str.6233
                0x0000000010006d64        0x2 CMakeFiles/pio_jtag.dir/home/om/Desktop/task_rpi_pico/pico/pico-sdk/src/rp2_common/pico_stdio/stdio.c.obj
 *fill*         0x0000000010006d66        0x2 
 .rodata.pio_add_program.str1.4
                0x0000000010006d68       0x11 CMakeFiles/pio_jtag.dir/home/om/Desktop/task_rpi_pico/pico/pico-sdk/src/rp2_common/hardware_pio/pio.c.obj
 *fill*         0x0000000010006d79        0x3 
 .rodata.dma_claim_unused_channel.str1.4
                0x0000000010006d7c       0x1e CMakeFiles/pio_jtag.dir/home/om/Desktop/task_rpi_pico/pico/pico-sdk/src/rp2_common/hardware_dma/dma.c.obj
 *fill*         0x0000000010006d9a        0x2 
 .rodata.str1.4
                0x0000000010006d9c       0x14 CMakeFiles/pio_jtag.dir/home/om/Desktop/task_rpi_pico/pico/pico-sdk/lib/tinyusb/src/portable/raspberrypi/rp2040/dcd_rp2040.c.obj
 .rodata.str1.4
                0x0000000010006db0       0x53 CMakeFiles/pio_jtag.dir/home/om/Desktop/task_rpi_pico/pico/pico-sdk/lib/tinyusb/src/portable/raspberrypi/rp2040/rp2040_usb.c.obj
 *fill*         0x0000000010006e03        0x1 
 .rodata.tud_task_ext
                0x0000000010006e04       0x8c CMakeFiles/pio_jtag.dir/home/om/Desktop/task_rpi_pico/pico/pico-sdk/lib/tinyusb/src/device/usbd.c.obj
 .rodata._usbd_driver
                0x0000000010006e90       0x18 CMakeFiles/pio_jtag.dir/home/om/Desktop/task_rpi_pico/pico/pico-sdk/lib/tinyusb/src/device/usbd.c.obj
 .rodata.str1.4
                0x0000000010006ea8        0x4 CMakeFiles/pio_jtag.dir/home/om/Desktop/task_rpi_pico/pico/pico-sdk/lib/tinyusb/hw/bsp/rp2040/family.c.obj
 .rodata.__bi_142.7694
                0x0000000010006eac        0xc CMakeFiles/pio_jtag.dir/home/om/Desktop/task_rpi_pico/pico/pico-sdk/lib/tinyusb/hw/bsp/rp2040/family.c.obj
 .rodata.__bi_152.7697
                0x0000000010006eb8        0x8 CMakeFiles/pio_jtag.dir/home/om/Desktop/task_rpi_pico/pico/pico-sdk/lib/tinyusb/hw/bsp/rp2040/family.c.obj
                0x0000000010006ec0                . = ALIGN (0x4)
 *(SORT_BY_ALIGNMENT(SORT_BY_NAME(.flashdata*)))
                0x0000000010006ec0                . = ALIGN (0x4)

.rel.dyn        0x0000000010006ec0        0x0
 .rel.iplt      0x0000000010006ec0        0x0 /usr/lib/gcc/arm-none-eabi/9.2.1/thumb/v6-m/nofp/crtbegin.o

.ARM.extab
 *(.ARM.extab* .gnu.linkonce.armextab.*)
                0x0000000010006ec0                __exidx_start = .

.ARM.exidx
 *(.ARM.exidx* .gnu.linkonce.armexidx.*)
                0x0000000010006ec0                __exidx_end = .
                0x0000000010006ec0                . = ALIGN (0x4)
                0x0000000010006ec0                __binary_info_start = .

.binary_info    0x0000000010006ec0       0x2c
 *(.binary_info.keep.*)
 .binary_info.keep.__bi_ptr22
                0x0000000010006ec0        0x4 CMakeFiles/pio_jtag.dir/home/om/Desktop/task_rpi_pico/pico/pico-sdk/src/rp2_common/pico_standard_link/binary_info.c.obj
 .binary_info.keep.__bi_ptr30
                0x0000000010006ec4        0x4 CMakeFiles/pio_jtag.dir/home/om/Desktop/task_rpi_pico/pico/pico-sdk/src/rp2_common/pico_standard_link/binary_info.c.obj
 .binary_info.keep.__bi_ptr38
                0x0000000010006ec8        0x4 CMakeFiles/pio_jtag.dir/home/om/Desktop/task_rpi_pico/pico/pico-sdk/src/rp2_common/pico_standard_link/binary_info.c.obj
 .binary_info.keep.__bi_ptr44
                0x0000000010006ecc        0x4 CMakeFiles/pio_jtag.dir/home/om/Desktop/task_rpi_pico/pico/pico-sdk/src/rp2_common/pico_standard_link/binary_info.c.obj
 .binary_info.keep.__bi_ptr50
                0x0000000010006ed0        0x4 CMakeFiles/pio_jtag.dir/home/om/Desktop/task_rpi_pico/pico/pico-sdk/src/rp2_common/pico_standard_link/binary_info.c.obj
 .binary_info.keep.__bi_ptr56
                0x0000000010006ed4        0x4 CMakeFiles/pio_jtag.dir/home/om/Desktop/task_rpi_pico/pico/pico-sdk/src/rp2_common/pico_standard_link/binary_info.c.obj
 .binary_info.keep.__bi_ptr69
                0x0000000010006ed8        0x4 CMakeFiles/pio_jtag.dir/home/om/Desktop/task_rpi_pico/pico/pico-sdk/src/rp2_common/pico_standard_link/binary_info.c.obj
 .binary_info.keep.__bi_ptr75
                0x0000000010006edc        0x4 CMakeFiles/pio_jtag.dir/home/om/Desktop/task_rpi_pico/pico/pico-sdk/src/rp2_common/pico_standard_link/binary_info.c.obj
 .binary_info.keep.__bi_ptr81
                0x0000000010006ee0        0x4 CMakeFiles/pio_jtag.dir/home/om/Desktop/task_rpi_pico/pico/pico-sdk/src/rp2_common/pico_standard_link/binary_info.c.obj
 .binary_info.keep.__bi_ptr142
                0x0000000010006ee4        0x4 CMakeFiles/pio_jtag.dir/home/om/Desktop/task_rpi_pico/pico/pico-sdk/lib/tinyusb/hw/bsp/rp2040/family.c.obj
 .binary_info.keep.__bi_ptr152
                0x0000000010006ee8        0x4 CMakeFiles/pio_jtag.dir/home/om/Desktop/task_rpi_pico/pico/pico-sdk/lib/tinyusb/hw/bsp/rp2040/family.c.obj
 *(.binary_info.*)
                0x0000000010006eec                __binary_info_end = .
                0x0000000010006eec                . = ALIGN (0x4)
                0x0000000010006eec                __etext = .

.ram_vector_table
                0x0000000020000000       0xc0
 *(.ram_vector_table)
 .ram_vector_table
                0x0000000020000000       0xc0 CMakeFiles/pio_jtag.dir/home/om/Desktop/task_rpi_pico/pico/pico-sdk/src/rp2_common/pico_runtime/runtime.c.obj
                0x0000000020000000                ram_vector_table

.data           0x00000000200000c0     0x13b8 load address 0x0000000010006eec
                0x00000000200000c0                __data_start__ = .
 *(vtable)
 *(.time_critical*)
 .time_critical.pio_jtag_write_blocking
                0x00000000200000c0      0x150 CMakeFiles/pio_jtag.dir/pio_jtag.c.obj
                0x00000000200000c0                pio_jtag_write_blocking
 .time_critical.pio_jtag_reset
                0x0000000020000210       0xf8 CMakeFiles/pio_jtag.dir/pio_jtag.c.obj
                0x0000000020000210                pio_jtag_reset
 .time_critical.pio_jtag_ir_scan
                0x0000000020000308      0x1f0 CMakeFiles/pio_jtag.dir/pio_jtag.c.obj
                0x0000000020000308                pio_jtag_ir_scan
 .time_critical.pio_jtag_idcode_scan
                0x00000000200004f8       0x5c CMakeFiles/pio_jtag.dir/pio_jtag.c.obj
                0x00000000200004f8                pio_jtag_idcode_scan
 .time_critical.mutex_try_enter_block_until
                0x0000000020000554       0xb0 CMakeFiles/pio_jtag.dir/home/om/Desktop/task_rpi_pico/pico/pico-sdk/src/common/pico_sync/mutex.c.obj
                0x0000000020000554                mutex_try_enter_block_until
 .time_critical.mutex_enter_timeout_ms
                0x0000000020000604       0x90 CMakeFiles/pio_jtag.dir/home/om/Desktop/task_rpi_pico/pico/pico-sdk/src/common/pico_sync/mutex.c.obj
                0x0000000020000604                mutex_enter_timeout_ms
 .time_critical.mutex_exit
                0x0000000020000694       0x28 CMakeFiles/pio_jtag.dir/home/om/Desktop/task_rpi_pico/pico/pico-sdk/src/common/pico_sync/mutex.c.obj
                0x0000000020000694                mutex_exit
 .time_critical.flash_init_boot2_copyout
                0x00000000200006bc       0x30 CMakeFiles/pio_jtag.dir/home/om/Desktop/task_rpi_pico/pico/pico-sdk/src/rp2_common/hardware_flash/flash.c.obj
 .time_critical.flash_enable_xip_via_boot2
                0x00000000200006ec       0x10 CMakeFiles/pio_jtag.dir/home/om/Desktop/task_rpi_pico/pico/pico-sdk/src/rp2_common/hardware_flash/flash.c.obj
 .time_critical.flash_cs_force
                0x00000000200006fc       0x38 CMakeFiles/pio_jtag.dir/home/om/Desktop/task_rpi_pico/pico/pico-sdk/src/rp2_common/hardware_flash/flash.c.obj
 .time_critical.flash_do_cmd
                0x0000000020000734       0xc4 CMakeFiles/pio_jtag.dir/home/om/Desktop/task_rpi_pico/pico/pico-sdk/src/rp2_common/hardware_flash/flash.c.obj
                0x0000000020000734                flash_do_cmd
 .time_critical.reset_non_control_endpoints
                0x00000000200007f8       0xbc CMakeFiles/pio_jtag.dir/home/om/Desktop/task_rpi_pico/pico/pico-sdk/lib/tinyusb/src/portable/raspberrypi/rp2040/dcd_rp2040.c.obj
 .time_critical.hw_handle_buff_status
                0x00000000200008b4       0xb4 CMakeFiles/pio_jtag.dir/home/om/Desktop/task_rpi_pico/pico/pico-sdk/lib/tinyusb/src/portable/raspberrypi/rp2040/dcd_rp2040.c.obj
 .time_critical.dcd_rp2040_irq
                0x0000000020000968      0x4f4 CMakeFiles/pio_jtag.dir/home/om/Desktop/task_rpi_pico/pico/pico-sdk/lib/tinyusb/src/portable/raspberrypi/rp2040/dcd_rp2040.c.obj
 .time_critical.prepare_ep_buffer
                0x0000000020000e5c       0x70 CMakeFiles/pio_jtag.dir/home/om/Desktop/task_rpi_pico/pico/pico-sdk/lib/tinyusb/src/portable/raspberrypi/rp2040/rp2040_usb.c.obj
 .time_critical.sync_ep_buffer
                0x0000000020000ecc       0x4c CMakeFiles/pio_jtag.dir/home/om/Desktop/task_rpi_pico/pico/pico-sdk/lib/tinyusb/src/portable/raspberrypi/rp2040/rp2040_usb.c.obj
 .time_critical._hw_endpoint_xfer_sync
                0x0000000020000f18       0x28 CMakeFiles/pio_jtag.dir/home/om/Desktop/task_rpi_pico/pico/pico-sdk/lib/tinyusb/src/portable/raspberrypi/rp2040/rp2040_usb.c.obj
 .time_critical.e15_is_bulkin_ep
                0x0000000020000f40       0x28 CMakeFiles/pio_jtag.dir/home/om/Desktop/task_rpi_pico/pico/pico-sdk/lib/tinyusb/src/portable/raspberrypi/rp2040/rp2040_usb.c.obj
 .time_critical.e15_is_critical_frame_period
                0x0000000020000f68       0x38 CMakeFiles/pio_jtag.dir/home/om/Desktop/task_rpi_pico/pico/pico-sdk/lib/tinyusb/src/portable/raspberrypi/rp2040/rp2040_usb.c.obj
 .time_critical.hw_endpoint_reset_transfer
                0x0000000020000fa0        0xc CMakeFiles/pio_jtag.dir/home/om/Desktop/task_rpi_pico/pico/pico-sdk/lib/tinyusb/src/portable/raspberrypi/rp2040/rp2040_usb.c.obj
                0x0000000020000fa0                hw_endpoint_reset_transfer
 .time_critical._hw_endpoint_buffer_control_update32
                0x0000000020000fac       0x58 CMakeFiles/pio_jtag.dir/home/om/Desktop/task_rpi_pico/pico/pico-sdk/lib/tinyusb/src/portable/raspberrypi/rp2040/rp2040_usb.c.obj
                0x0000000020000fac                _hw_endpoint_buffer_control_update32
 .time_critical.hw_endpoint_start_next_buffer
                0x0000000020001004       0x6c CMakeFiles/pio_jtag.dir/home/om/Desktop/task_rpi_pico/pico/pico-sdk/lib/tinyusb/src/portable/raspberrypi/rp2040/rp2040_usb.c.obj
                0x0000000020001004                hw_endpoint_start_next_buffer
 .time_critical.hw_endpoint_xfer_continue
                0x0000000020001070       0x50 CMakeFiles/pio_jtag.dir/home/om/Desktop/task_rpi_pico/pico/pico-sdk/lib/tinyusb/src/portable/raspberrypi/rp2040/rp2040_usb.c.obj
                0x0000000020001070                hw_endpoint_xfer_continue
 .time_critical.tinyusb
                0x00000000200010c0      0x170 CMakeFiles/pio_jtag.dir/home/om/Desktop/task_rpi_pico/pico/pico-sdk/lib/tinyusb/src/device/usbd.c.obj
                0x00000000200010c0                dcd_event_handler
 *(.text*)
 .text          0x0000000020001230        0x4 /usr/lib/gcc/arm-none-eabi/9.2.1/thumb/v6-m/nofp/libgcc.a(_dvmd_tls.o)
                0x0000000020001230                __aeabi_ldiv0
                0x0000000020001230                __aeabi_idiv0
 *fill*         0x0000000020001234        0x4 
 .text.__stub   0x0000000020001238      0x110 linker stubs
                0x0000000020001348                . = ALIGN (0x4)
 *(.rodata*)
                0x0000000020001348                . = ALIGN (0x4)
 *(.data*)
 .data.jtag     0x0000000020001348       0x20 CMakeFiles/pio_jtag.dir/jtag.c.obj
                0x0000000020001348                jtag
 .data.tx_dma_chan
                0x0000000020001368        0x4 CMakeFiles/pio_jtag.dir/pio_jtag.c.obj
 .data.string_desc_arr
                0x000000002000136c       0x10 CMakeFiles/pio_jtag.dir/usb_descriptors.c.obj
                0x000000002000136c                string_desc_arr
 .data.striped_spin_lock_num
                0x000000002000137c        0x1 CMakeFiles/pio_jtag.dir/home/om/Desktop/task_rpi_pico/pico/pico-sdk/src/rp2_common/hardware_sync/sync.c.obj
 *fill*         0x000000002000137d        0x3 
 .data          0x0000000020001380       0x48 CMakeFiles/pio_jtag.dir/home/om/Desktop/task_rpi_pico/pico/pico-sdk/src/rp2_common/hardware_irq/irq_handler_chain.S.obj
                0x0000000020001380                irq_handler_chain_slots
                0x00000000200013b0                irq_handler_chain_first_slot
                0x00000000200013ba                irq_handler_chain_remove_tail
 .data.default_alarm_pool
                0x00000000200013c8       0x18 CMakeFiles/pio_jtag.dir/home/om/Desktop/task_rpi_pico/pico/pico-sdk/src/common/pico_time/time.c.obj
 .data.default_alarm_pool_heap
                0x00000000200013e0       0x10 CMakeFiles/pio_jtag.dir/home/om/Desktop/task_rpi_pico/pico/pico-sdk/src/common/pico_time/time.c.obj
 *fill*         0x00000000200013f0        0x0 
 .data.aeabi_bits_funcs
                0x00000000200013f0       0x10 CMakeFiles/pio_jtag.dir/home/om/Desktop/task_rpi_pico/pico/pico-sdk/src/rp2_common/pico_bit_ops/bit_ops_aeabi.S.obj
                0x00000000200013f0                aeabi_bits_funcs
                0x0000000020001400                aeabi_bits_funcs_end
 .data.aeabi_mem_funcs
                0x0000000020001400       0x10 CMakeFiles/pio_jtag.dir/home/om/Desktop/task_rpi_pico/pico/pico-sdk/src/rp2_common/pico_mem_ops/mem_ops_aeabi.S.obj
                0x0000000020001400                aeabi_mem_funcs
                0x0000000020001410                aeabi_mem_funcs_end
 .data.stdio_uart
                0x0000000020001410       0x18 CMakeFiles/pio_jtag.dir/home/om/Desktop/task_rpi_pico/pico/pico-sdk/src/rp2_common/pico_stdio_uart/stdio_uart.c.obj
                0x0000000020001410                stdio_uart
 .data.ep_dir_string
                0x0000000020001428        0x8 CMakeFiles/pio_jtag.dir/home/om/Desktop/task_rpi_pico/pico/pico-sdk/lib/tinyusb/src/portable/raspberrypi/rp2040/rp2040_usb.c.obj
                0x0000000020001428                ep_dir_string
 .data._usbd_qdef
                0x0000000020001430       0x1c CMakeFiles/pio_jtag.dir/home/om/Desktop/task_rpi_pico/pico/pico-sdk/lib/tinyusb/src/device/usbd.c.obj
                0x0000000020001430                _usbd_qdef
 .data._usbd_rhport
                0x000000002000144c        0x1 CMakeFiles/pio_jtag.dir/home/om/Desktop/task_rpi_pico/pico/pico-sdk/lib/tinyusb/src/device/usbd.c.obj
                0x0000000020001450                . = ALIGN (0x4)
 *fill*         0x000000002000144d        0x3 
 *(.after_data.*)
                0x0000000020001450                . = ALIGN (0x4)
                0x0000000020001450                PROVIDE (__mutex_array_start = .)
 *(SORT_BY_NAME(.mutex_array.*))
 *(.mutex_array)
 .mutex_array   0x0000000020001450        0x8 CMakeFiles/pio_jtag.dir/home/om/Desktop/task_rpi_pico/pico/pico-sdk/src/rp2_common/pico_malloc/pico_malloc.c.obj
 .mutex_array   0x0000000020001458        0x8 CMakeFiles/pio_jtag.dir/home/om/Desktop/task_rpi_pico/pico/pico-sdk/src/rp2_common/pico_stdio/stdio.c.obj
                0x0000000020001460                PROVIDE (__mutex_array_end = .)
                0x0000000020001460                . = ALIGN (0x4)
                0x0000000020001460                PROVIDE (__preinit_array_start = .)
 *(SORT_BY_NAME(.preinit_array.*))
 .preinit_array.00001
                0x0000000020001460        0x4 CMakeFiles/pio_jtag.dir/home/om/Desktop/task_rpi_pico/pico/pico-sdk/src/rp2_common/pico_mem_ops/mem_ops_aeabi.S.obj
 .preinit_array.00010
                0x0000000020001464        0x4 CMakeFiles/pio_jtag.dir/home/om/Desktop/task_rpi_pico/pico/pico-sdk/src/rp2_common/pico_bit_ops/bit_ops_aeabi.S.obj
 .preinit_array.00020
                0x0000000020001468        0x4 CMakeFiles/pio_jtag.dir/home/om/Desktop/task_rpi_pico/pico/pico-sdk/src/rp2_common/pico_double/double_aeabi.S.obj
 .preinit_array.00020
                0x000000002000146c        0x4 CMakeFiles/pio_jtag.dir/home/om/Desktop/task_rpi_pico/pico/pico-sdk/src/rp2_common/pico_float/float_aeabi.S.obj
 *(.preinit_array)
                0x0000000020001470                PROVIDE (__preinit_array_end = .)
                0x0000000020001470                . = ALIGN (0x4)
                0x0000000020001470                PROVIDE (__init_array_start = .)
 *(SORT_BY_NAME(.init_array.*))
 *(.init_array)
 .init_array    0x0000000020001470        0x4 /usr/lib/gcc/arm-none-eabi/9.2.1/thumb/v6-m/nofp/crtbegin.o
 .init_array    0x0000000020001474        0x4 CMakeFiles/pio_jtag.dir/home/om/Desktop/task_rpi_pico/pico/pico-sdk/src/rp2_common/pico_unique_id/unique_id.c.obj
                0x0000000020001478                PROVIDE (__init_array_end = .)
                0x0000000020001478                . = ALIGN (0x4)
                0x0000000020001478                PROVIDE (__fini_array_start = .)
 *(SORT_BY_NAME(.fini_array.*))
 *(.fini_array)
                0x0000000020001478                PROVIDE (__fini_array_end = .)
 *(.jcr)
                0x0000000020001478                . = ALIGN (0x4)
                0x0000000020001478                __data_end__ = .

.tm_clone_table
                0x0000000020001478        0x0 load address 0x00000000100082a4
 .tm_clone_table
                0x0000000020001478        0x0 /usr/lib/gcc/arm-none-eabi/9.2.1/thumb/v6-m/nofp/crtbegin.o
 .tm_clone_table
                0x0000000020001478        0x0 /usr/lib/gcc/arm-none-eabi/9.2.1/thumb/v6-m/nofp/crtend.o

.igot.plt       0x0000000020001478        0x0 load address 0x00000000100082a4
 .igot.plt      0x0000000020001478        0x0 /usr/lib/gcc/arm-none-eabi/9.2.1/thumb/v6-m/nofp/crtbegin.o

.uninitialized_data
                0x0000000020001478        0x0 load address 0x00000000100082a4
                0x0000000020001478                . = ALIGN (0x4)
 *(.uninitialized_data*)

.scratch_x      0x0000000020040000        0x0 load address 0x00000000100082a4
                0x0000000020040000                __scratch_x_start__ = .
 *(.scratch_x.*)
                0x0000000020040000                . = ALIGN (0x4)
                0x0000000020040000                __scratch_x_end__ = .
                0x00000000100082a4                __scratch_x_source__ = LOADADDR (.scratch_x)

.scratch_y      0x0000000020041000        0x0 load address 0x00000000100082a4
                0x0000000020041000                __scratch_y_start__ = .
 *(.scratch_y.*)
                0x0000000020041000                . = ALIGN (0x4)
                0x0000000020041000                __scratch_y_end__ = .
                0x00000000100082a4                __scratch_y_source__ = LOADADDR (.scratch_y)

.bss            0x0000000020001478      0xda0
                0x0000000020001478                . = ALIGN (0x4)
                0x0000000020001478                __bss_start__ = .
 *(SORT_BY_ALIGNMENT(SORT_BY_NAME(.bss*)))
 .bss.default_alarm_pool_entries
                0x0000000020001478      0x100 CMakeFiles/pio_jtag.dir/home/om/Desktop/task_rpi_pico/pico/pico-sdk/src/common/pico_time/time.c.obj
 .bss           0x0000000020001578       0x1c /usr/lib/gcc/arm-none-eabi/9.2.1/thumb/v6-m/nofp/crtbegin.o
 .bss._app_driver
                0x0000000020001594        0x4 CMakeFiles/pio_jtag.dir/home/om/Desktop/task_rpi_pico/pico/pico-sdk/lib/tinyusb/src/device/usbd.c.obj
 .bss._ctrl_xfer
                0x0000000020001598       0x14 CMakeFiles/pio_jtag.dir/home/om/Desktop/task_rpi_pico/pico/pico-sdk/lib/tinyusb/src/device/usbd_control.c.obj
 .bss._desc_str
                0x00000000200015ac       0x40 CMakeFiles/pio_jtag.dir/usb_descriptors.c.obj
 .bss._ubsd_mutexdef
                0x00000000200015ec        0x8 CMakeFiles/pio_jtag.dir/home/om/Desktop/task_rpi_pico/pico/pico-sdk/lib/tinyusb/src/device/usbd.c.obj
 .bss._usbd_ctrl_buf
                0x00000000200015f4       0x40 CMakeFiles/pio_jtag.dir/home/om/Desktop/task_rpi_pico/pico/pico-sdk/lib/tinyusb/src/device/usbd_control.c.obj
 .bss._usbd_dev
                0x0000000020001634       0x53 CMakeFiles/pio_jtag.dir/home/om/Desktop/task_rpi_pico/pico/pico-sdk/lib/tinyusb/src/device/usbd.c.obj
 *fill*         0x0000000020001687        0x1 
 .bss._usbd_mutex
                0x0000000020001688        0x4 CMakeFiles/pio_jtag.dir/home/om/Desktop/task_rpi_pico/pico/pico-sdk/lib/tinyusb/src/device/usbd.c.obj
 .bss._usbd_q   0x000000002000168c        0x4 CMakeFiles/pio_jtag.dir/home/om/Desktop/task_rpi_pico/pico/pico-sdk/lib/tinyusb/src/device/usbd.c.obj
 .bss._used_instruction_space
                0x0000000020001690        0x8 CMakeFiles/pio_jtag.dir/home/om/Desktop/task_rpi_pico/pico/pico-sdk/src/rp2_common/hardware_pio/pio.c.obj
 .bss._vendord_itf
                0x0000000020001698      0x17c CMakeFiles/pio_jtag.dir/home/om/Desktop/task_rpi_pico/pico/pico-sdk/lib/tinyusb/src/class/vendor/vendor_device.c.obj
 .bss.alarm_callbacks
                0x0000000020001814       0x10 CMakeFiles/pio_jtag.dir/home/om/Desktop/task_rpi_pico/pico/pico-sdk/src/rp2_common/hardware_timer/timer.c.obj
 .bss.boot2_copyout
                0x0000000020001824      0x100 CMakeFiles/pio_jtag.dir/home/om/Desktop/task_rpi_pico/pico/pico-sdk/src/rp2_common/hardware_flash/flash.c.obj
 .bss.chars_available_callback
                0x0000000020001924        0x4 CMakeFiles/pio_jtag.dir/home/om/Desktop/task_rpi_pico/pico/pico-sdk/src/rp2_common/pico_stdio_uart/stdio_uart.c.obj
 .bss.chars_available_param
                0x0000000020001928        0x4 CMakeFiles/pio_jtag.dir/home/om/Desktop/task_rpi_pico/pico/pico-sdk/src/rp2_common/pico_stdio_uart/stdio_uart.c.obj
 .bss.claimed   0x000000002000192c        0x4 CMakeFiles/pio_jtag.dir/home/om/Desktop/task_rpi_pico/pico/pico-sdk/src/rp2_common/hardware_sync/sync.c.obj
 .bss.clk_freq_div
                0x0000000020001930        0x4 CMakeFiles/pio_jtag.dir/cmd.c.obj
                0x0000000020001930                clk_freq_div
 .bss.configured_freq
                0x0000000020001934       0x28 CMakeFiles/pio_jtag.dir/home/om/Desktop/task_rpi_pico/pico/pico-sdk/src/rp2_common/hardware_clocks/clocks.c.obj
 .bss.default_alarm_pool_entry_ids_high
                0x000000002000195c       0x10 CMakeFiles/pio_jtag.dir/home/om/Desktop/task_rpi_pico/pico/pico-sdk/src/common/pico_time/time.c.obj
 .bss.default_alarm_pool_heap_nodes
                0x000000002000196c       0x30 CMakeFiles/pio_jtag.dir/home/om/Desktop/task_rpi_pico/pico/pico-sdk/src/common/pico_time/time.c.obj
 .bss.drivers   0x000000002000199c        0x4 CMakeFiles/pio_jtag.dir/home/om/Desktop/task_rpi_pico/pico/pico-sdk/src/rp2_common/pico_stdio/stdio.c.obj
 .bss.e15_last_sof
                0x00000000200019a0        0x4 CMakeFiles/pio_jtag.dir/home/om/Desktop/task_rpi_pico/pico/pico-sdk/lib/tinyusb/src/portable/raspberrypi/rp2040/rp2040_usb.c.obj
                0x00000000200019a0                e15_last_sof
 .bss.filter    0x00000000200019a4        0x4 CMakeFiles/pio_jtag.dir/home/om/Desktop/task_rpi_pico/pico/pico-sdk/src/rp2_common/pico_stdio/stdio.c.obj
 .bss.flag      0x00000000200019a8        0x4 CMakeFiles/pio_jtag.dir/pio_jtag.c.obj
 .bss.hw_endpoints
                0x00000000200019ac      0x400 CMakeFiles/pio_jtag.dir/home/om/Desktop/task_rpi_pico/pico/pico-sdk/lib/tinyusb/src/portable/raspberrypi/rp2040/dcd_rp2040.c.obj
 .bss.lazy_vsnprintf
                0x0000000020001dac        0x4 CMakeFiles/pio_jtag.dir/home/om/Desktop/task_rpi_pico/pico/pico-sdk/src/rp2_common/pico_printf/printf.c.obj
 .bss.next_buffer_ptr
                0x0000000020001db0        0x4 CMakeFiles/pio_jtag.dir/home/om/Desktop/task_rpi_pico/pico/pico-sdk/lib/tinyusb/src/portable/raspberrypi/rp2040/dcd_rp2040.c.obj
 .bss.pools     0x0000000020001db4       0x10 CMakeFiles/pio_jtag.dir/home/om/Desktop/task_rpi_pico/pico/pico-sdk/src/common/pico_time/time.c.obj
 .bss.retrieved_id
                0x0000000020001dc4        0x8 CMakeFiles/pio_jtag.dir/home/om/Desktop/task_rpi_pico/pico/pico-sdk/src/rp2_common/pico_unique_id/unique_id.c.obj
 .bss.rx_c      0x0000000020001dcc        0x4 CMakeFiles/pio_jtag.dir/pio_jtag.c.obj
 .bss.rx_dma_chan
                0x0000000020001dd0        0x4 CMakeFiles/pio_jtag.dir/pio_jtag.c.obj
 .bss.sf_clz_func
                0x0000000020001dd4        0x4 CMakeFiles/pio_jtag.dir/home/om/Desktop/task_rpi_pico/pico/pico-sdk/src/rp2_common/pico_double/double_init_rom.c.obj
                0x0000000020001dd4                sf_clz_func
 .bss.sleep_notifier
                0x0000000020001dd8        0x4 CMakeFiles/pio_jtag.dir/home/om/Desktop/task_rpi_pico/pico/pico-sdk/src/common/pico_time/time.c.obj
 .bss.target_hi
                0x0000000020001ddc       0x10 CMakeFiles/pio_jtag.dir/home/om/Desktop/task_rpi_pico/pico/pico-sdk/src/rp2_common/hardware_timer/timer.c.obj
 .bss.tx_buf    0x0000000020001dec       0x1e CMakeFiles/pio_jtag.dir/jtag.c.obj
 *fill*         0x0000000020001e0a        0x2 
 .bss.tx_c      0x0000000020001e0c        0x4 CMakeFiles/pio_jtag.dir/pio_jtag.c.obj
 .bss.uID       0x0000000020001e10        0x8 CMakeFiles/pio_jtag.dir/get_serial.c.obj
 .bss.uart_inst
                0x0000000020001e18        0x4 CMakeFiles/pio_jtag.dir/home/om/Desktop/task_rpi_pico/pico/pico-sdk/lib/tinyusb/hw/bsp/rp2040/family.c.obj
 .bss.uart_instance
                0x0000000020001e1c        0x4 CMakeFiles/pio_jtag.dir/home/om/Desktop/task_rpi_pico/pico/pico-sdk/src/rp2_common/pico_stdio_uart/stdio_uart.c.obj
 .bss.wr_buffer_number
                0x0000000020001e20        0x4 CMakeFiles/pio_jtag.dir/jtag.c.obj
 .bss._claimed  0x0000000020001e24        0x2 CMakeFiles/pio_jtag.dir/home/om/Desktop/task_rpi_pico/pico/pico-sdk/src/rp2_common/hardware_dma/dma.c.obj
 .bss._app_driver_count
                0x0000000020001e26        0x1 CMakeFiles/pio_jtag.dir/home/om/Desktop/task_rpi_pico/pico/pico-sdk/lib/tinyusb/src/device/usbd.c.obj
 .bss._sof_enable
                0x0000000020001e27        0x1 CMakeFiles/pio_jtag.dir/home/om/Desktop/task_rpi_pico/pico/pico-sdk/lib/tinyusb/src/portable/raspberrypi/rp2040/dcd_rp2040.c.obj
 .bss.boot2_copyout_valid
                0x0000000020001e28        0x1 CMakeFiles/pio_jtag.dir/home/om/Desktop/task_rpi_pico/pico/pico-sdk/src/rp2_common/hardware_flash/flash.c.obj
 .bss.claimed   0x0000000020001e29        0x1 CMakeFiles/pio_jtag.dir/home/om/Desktop/task_rpi_pico/pico/pico-sdk/src/rp2_common/hardware_timer/timer.c.obj
 .bss.irq_hander_chain_free_slot_head
                0x0000000020001e2a        0x1 CMakeFiles/pio_jtag.dir/home/om/Desktop/task_rpi_pico/pico/pico-sdk/src/rp2_common/hardware_irq/irq.c.obj
 .bss.timer_callbacks_pending
                0x0000000020001e2b        0x1 CMakeFiles/pio_jtag.dir/home/om/Desktop/task_rpi_pico/pico/pico-sdk/src/rp2_common/hardware_timer/timer.c.obj
 *(COMMON)
 COMMON         0x0000000020001e2c      0x108 CMakeFiles/pio_jtag.dir/jtag.c.obj
                0x0000000020001e2c                buffer_infos
 COMMON         0x0000000020001f34        0xc CMakeFiles/pio_jtag.dir/pio_jtag.c.obj
                0x0000000020001f34                pio
                0x0000000020001f38                state_transition_prog_offs
                0x0000000020001f3c                jtag_prog_offs
 COMMON         0x0000000020001f40       0x11 CMakeFiles/pio_jtag.dir/get_serial.c.obj
                0x0000000020001f40                usb_serial
 *fill*         0x0000000020001f51        0x3 
 COMMON         0x0000000020001f54        0x4 CMakeFiles/pio_jtag.dir/home/om/Desktop/task_rpi_pico/pico/pico-sdk/src/rp2_common/hardware_uart/uart.c.obj
                0x0000000020001f54                uart_char_to_line_feed
 COMMON         0x0000000020001f58      0x100 CMakeFiles/pio_jtag.dir/home/om/Desktop/task_rpi_pico/pico/pico-sdk/src/rp2_common/pico_double/double_init_rom.c.obj
                0x0000000020001f58                sd_table
 COMMON         0x0000000020002058      0x100 CMakeFiles/pio_jtag.dir/home/om/Desktop/task_rpi_pico/pico/pico-sdk/src/rp2_common/pico_float/float_init_rom.c.obj
                0x0000000020002058                sf_table
 COMMON         0x0000000020002158       0xc0 CMakeFiles/pio_jtag.dir/home/om/Desktop/task_rpi_pico/pico/pico-sdk/lib/tinyusb/src/device/usbd.c.obj
                0x0000000020002158                _usbd_qdef_buf
                0x0000000020002218                . = ALIGN (0x4)
                0x0000000020002218                __bss_end__ = .

.heap           0x0000000020002218      0x800
                0x0000000020002218                __end__ = .
                0x0000000020002218                end = __end__
 *(.heap*)
 .heap          0x0000000020002218      0x800 CMakeFiles/pio_jtag.dir/home/om/Desktop/task_rpi_pico/pico/pico-sdk/src/rp2_common/pico_standard_link/crt0.S.obj
                0x0000000020002a18                __HeapLimit = .

.stack1_dummy   0x0000000020040000      0x800
 *(.stack1*)
 .stack1        0x0000000020040000      0x800 CMakeFiles/pio_jtag.dir/home/om/Desktop/task_rpi_pico/pico/pico-sdk/src/rp2_common/pico_multicore/multicore.c.obj

.stack_dummy    0x0000000020041000      0x800
 *(.stack*)
 .stack         0x0000000020041000      0x800 CMakeFiles/pio_jtag.dir/home/om/Desktop/task_rpi_pico/pico/pico-sdk/src/rp2_common/pico_standard_link/crt0.S.obj

.flash_end      0x00000000100082a4        0x0
                0x00000000100082a4                __flash_binary_end = .
                0x0000000020040000                __StackLimit = (ORIGIN (RAM) + LENGTH (RAM))
                0x0000000020041000                __StackOneTop = (ORIGIN (SCRATCH_X) + LENGTH (SCRATCH_X))
                0x0000000020042000                __StackTop = (ORIGIN (SCRATCH_Y) + LENGTH (SCRATCH_Y))
                0x0000000020040800                __StackOneBottom = (__StackOneTop - SIZEOF (.stack1_dummy))
                0x0000000020041800                __StackBottom = (__StackTop - SIZEOF (.stack_dummy))
                0x0000000020042000                PROVIDE (__stack = __StackTop)
                0x0000000000000001                ASSERT ((__StackLimit >= __HeapLimit), region RAM overflowed)
                0x0000000000000001                ASSERT (((__binary_info_header_end - __logical_binary_start) <= 0x100), Binary info must be in first 256 bytes of the binary)
LOAD CMakeFiles/pio_jtag.dir/jtag.c.obj
LOAD CMakeFiles/pio_jtag.dir/pio_jtag.c.obj
LOAD CMakeFiles/pio_jtag.dir/get_serial.c.obj
LOAD CMakeFiles/pio_jtag.dir/usb_descriptors.c.obj
LOAD CMakeFiles/pio_jtag.dir/cmd.c.obj
LOAD CMakeFiles/pio_jtag.dir/home/om/Desktop/task_rpi_pico/pico/pico-sdk/src/rp2_common/pico_stdlib/stdlib.c.obj
LOAD CMakeFiles/pio_jtag.dir/home/om/Desktop/task_rpi_pico/pico/pico-sdk/src/rp2_common/hardware_gpio/gpio.c.obj
LOAD CMakeFiles/pio_jtag.dir/home/om/Desktop/task_rpi_pico/pico/pico-sdk/src/rp2_common/pico_platform/platform.c.obj
LOAD CMakeFiles/pio_jtag.dir/home/om/Desktop/task_rpi_pico/pico/pico-sdk/src/rp2_common/hardware_claim/claim.c.obj
LOAD CMakeFiles/pio_jtag.dir/home/om/Desktop/task_rpi_pico/pico/pico-sdk/src/rp2_common/hardware_sync/sync.c.obj
LOAD CMakeFiles/pio_jtag.dir/home/om/Desktop/task_rpi_pico/pico/pico-sdk/src/rp2_common/hardware_irq/irq.c.obj
LOAD CMakeFiles/pio_jtag.dir/home/om/Desktop/task_rpi_pico/pico/pico-sdk/src/rp2_common/hardware_irq/irq_handler_chain.S.obj
LOAD CMakeFiles/pio_jtag.dir/home/om/Desktop/task_rpi_pico/pico/pico-sdk/src/common/pico_sync/sem.c.obj
LOAD CMakeFiles/pio_jtag.dir/home/om/Desktop/task_rpi_pico/pico/pico-sdk/src/common/pico_sync/lock_core.c.obj
LOAD CMakeFiles/pio_jtag.dir/home/om/Desktop/task_rpi_pico/pico/pico-sdk/src/common/pico_sync/mutex.c.obj
LOAD CMakeFiles/pio_jtag.dir/home/om/Desktop/task_rpi_pico/pico/pico-sdk/src/common/pico_sync/critical_section.c.obj
LOAD CMakeFiles/pio_jtag.dir/home/om/Desktop/task_rpi_pico/pico/pico-sdk/src/common/pico_time/time.c.obj
LOAD CMakeFiles/pio_jtag.dir/home/om/Desktop/task_rpi_pico/pico/pico-sdk/src/common/pico_time/timeout_helper.c.obj
LOAD CMakeFiles/pio_jtag.dir/home/om/Desktop/task_rpi_pico/pico/pico-sdk/src/rp2_common/hardware_timer/timer.c.obj
LOAD CMakeFiles/pio_jtag.dir/home/om/Desktop/task_rpi_pico/pico/pico-sdk/src/common/pico_util/datetime.c.obj
LOAD CMakeFiles/pio_jtag.dir/home/om/Desktop/task_rpi_pico/pico/pico-sdk/src/common/pico_util/pheap.c.obj
LOAD CMakeFiles/pio_jtag.dir/home/om/Desktop/task_rpi_pico/pico/pico-sdk/src/common/pico_util/queue.c.obj
LOAD CMakeFiles/pio_jtag.dir/home/om/Desktop/task_rpi_pico/pico/pico-sdk/src/rp2_common/hardware_uart/uart.c.obj
LOAD CMakeFiles/pio_jtag.dir/home/om/Desktop/task_rpi_pico/pico/pico-sdk/src/rp2_common/hardware_clocks/clocks.c.obj
LOAD CMakeFiles/pio_jtag.dir/home/om/Desktop/task_rpi_pico/pico/pico-sdk/src/rp2_common/hardware_pll/pll.c.obj
LOAD CMakeFiles/pio_jtag.dir/home/om/Desktop/task_rpi_pico/pico/pico-sdk/src/rp2_common/hardware_vreg/vreg.c.obj
LOAD CMakeFiles/pio_jtag.dir/home/om/Desktop/task_rpi_pico/pico/pico-sdk/src/rp2_common/hardware_watchdog/watchdog.c.obj
LOAD CMakeFiles/pio_jtag.dir/home/om/Desktop/task_rpi_pico/pico/pico-sdk/src/rp2_common/hardware_xosc/xosc.c.obj
LOAD CMakeFiles/pio_jtag.dir/home/om/Desktop/task_rpi_pico/pico/pico-sdk/src/rp2_common/hardware_divider/divider.S.obj
LOAD CMakeFiles/pio_jtag.dir/home/om/Desktop/task_rpi_pico/pico/pico-sdk/src/rp2_common/pico_runtime/runtime.c.obj
LOAD CMakeFiles/pio_jtag.dir/home/om/Desktop/task_rpi_pico/pico/pico-sdk/src/rp2_common/pico_printf/printf.c.obj
LOAD CMakeFiles/pio_jtag.dir/home/om/Desktop/task_rpi_pico/pico/pico-sdk/src/rp2_common/pico_bit_ops/bit_ops_aeabi.S.obj
LOAD CMakeFiles/pio_jtag.dir/home/om/Desktop/task_rpi_pico/pico/pico-sdk/src/rp2_common/pico_bootrom/bootrom.c.obj
LOAD CMakeFiles/pio_jtag.dir/home/om/Desktop/task_rpi_pico/pico/pico-sdk/src/rp2_common/pico_divider/divider.S.obj
LOAD CMakeFiles/pio_jtag.dir/home/om/Desktop/task_rpi_pico/pico/pico-sdk/src/rp2_common/pico_double/double_aeabi.S.obj
LOAD CMakeFiles/pio_jtag.dir/home/om/Desktop/task_rpi_pico/pico/pico-sdk/src/rp2_common/pico_double/double_init_rom.c.obj
LOAD CMakeFiles/pio_jtag.dir/home/om/Desktop/task_rpi_pico/pico/pico-sdk/src/rp2_common/pico_double/double_math.c.obj
LOAD CMakeFiles/pio_jtag.dir/home/om/Desktop/task_rpi_pico/pico/pico-sdk/src/rp2_common/pico_double/double_v1_rom_shim.S.obj
LOAD CMakeFiles/pio_jtag.dir/home/om/Desktop/task_rpi_pico/pico/pico-sdk/src/rp2_common/pico_int64_ops/pico_int64_ops_aeabi.S.obj
LOAD CMakeFiles/pio_jtag.dir/home/om/Desktop/task_rpi_pico/pico/pico-sdk/src/rp2_common/pico_float/float_aeabi.S.obj
LOAD CMakeFiles/pio_jtag.dir/home/om/Desktop/task_rpi_pico/pico/pico-sdk/src/rp2_common/pico_float/float_init_rom.c.obj
LOAD CMakeFiles/pio_jtag.dir/home/om/Desktop/task_rpi_pico/pico/pico-sdk/src/rp2_common/pico_float/float_math.c.obj
LOAD CMakeFiles/pio_jtag.dir/home/om/Desktop/task_rpi_pico/pico/pico-sdk/src/rp2_common/pico_float/float_v1_rom_shim.S.obj
LOAD CMakeFiles/pio_jtag.dir/home/om/Desktop/task_rpi_pico/pico/pico-sdk/src/rp2_common/pico_malloc/pico_malloc.c.obj
LOAD CMakeFiles/pio_jtag.dir/home/om/Desktop/task_rpi_pico/pico/pico-sdk/src/rp2_common/pico_mem_ops/mem_ops_aeabi.S.obj
LOAD CMakeFiles/pio_jtag.dir/home/om/Desktop/task_rpi_pico/pico/pico-sdk/src/rp2_common/pico_standard_link/crt0.S.obj
LOAD CMakeFiles/pio_jtag.dir/home/om/Desktop/task_rpi_pico/pico/pico-sdk/src/rp2_common/pico_standard_link/new_delete.cpp.obj
LOAD CMakeFiles/pio_jtag.dir/home/om/Desktop/task_rpi_pico/pico/pico-sdk/src/rp2_common/pico_standard_link/binary_info.c.obj
LOAD CMakeFiles/pio_jtag.dir/home/om/Desktop/task_rpi_pico/pico/pico-sdk/src/rp2_common/pico_stdio/stdio.c.obj
LOAD CMakeFiles/pio_jtag.dir/home/om/Desktop/task_rpi_pico/pico/pico-sdk/src/rp2_common/pico_stdio_uart/stdio_uart.c.obj
LOAD CMakeFiles/pio_jtag.dir/home/om/Desktop/task_rpi_pico/pico/pico-sdk/src/rp2_common/hardware_pio/pio.c.obj
LOAD CMakeFiles/pio_jtag.dir/home/om/Desktop/task_rpi_pico/pico/pico-sdk/src/rp2_common/hardware_dma/dma.c.obj
LOAD CMakeFiles/pio_jtag.dir/home/om/Desktop/task_rpi_pico/pico/pico-sdk/src/rp2_common/pico_multicore/multicore.c.obj
LOAD CMakeFiles/pio_jtag.dir/home/om/Desktop/task_rpi_pico/pico/pico-sdk/src/rp2_common/pico_unique_id/unique_id.c.obj
LOAD CMakeFiles/pio_jtag.dir/home/om/Desktop/task_rpi_pico/pico/pico-sdk/src/rp2_common/hardware_flash/flash.c.obj
LOAD CMakeFiles/pio_jtag.dir/home/om/Desktop/task_rpi_pico/pico/pico-sdk/lib/tinyusb/src/portable/raspberrypi/rp2040/dcd_rp2040.c.obj
LOAD CMakeFiles/pio_jtag.dir/home/om/Desktop/task_rpi_pico/pico/pico-sdk/lib/tinyusb/src/portable/raspberrypi/rp2040/rp2040_usb.c.obj
LOAD CMakeFiles/pio_jtag.dir/home/om/Desktop/task_rpi_pico/pico/pico-sdk/lib/tinyusb/src/device/usbd.c.obj
LOAD CMakeFiles/pio_jtag.dir/home/om/Desktop/task_rpi_pico/pico/pico-sdk/lib/tinyusb/src/device/usbd_control.c.obj
LOAD CMakeFiles/pio_jtag.dir/home/om/Desktop/task_rpi_pico/pico/pico-sdk/lib/tinyusb/src/class/audio/audio_device.c.obj
LOAD CMakeFiles/pio_jtag.dir/home/om/Desktop/task_rpi_pico/pico/pico-sdk/lib/tinyusb/src/class/cdc/cdc_device.c.obj
LOAD CMakeFiles/pio_jtag.dir/home/om/Desktop/task_rpi_pico/pico/pico-sdk/lib/tinyusb/src/class/dfu/dfu_device.c.obj
LOAD CMakeFiles/pio_jtag.dir/home/om/Desktop/task_rpi_pico/pico/pico-sdk/lib/tinyusb/src/class/dfu/dfu_rt_device.c.obj
LOAD CMakeFiles/pio_jtag.dir/home/om/Desktop/task_rpi_pico/pico/pico-sdk/lib/tinyusb/src/class/hid/hid_device.c.obj
LOAD CMakeFiles/pio_jtag.dir/home/om/Desktop/task_rpi_pico/pico/pico-sdk/lib/tinyusb/src/class/midi/midi_device.c.obj
LOAD CMakeFiles/pio_jtag.dir/home/om/Desktop/task_rpi_pico/pico/pico-sdk/lib/tinyusb/src/class/msc/msc_device.c.obj
LOAD CMakeFiles/pio_jtag.dir/home/om/Desktop/task_rpi_pico/pico/pico-sdk/lib/tinyusb/src/class/net/ecm_rndis_device.c.obj
LOAD CMakeFiles/pio_jtag.dir/home/om/Desktop/task_rpi_pico/pico/pico-sdk/lib/tinyusb/src/class/net/ncm_device.c.obj
LOAD CMakeFiles/pio_jtag.dir/home/om/Desktop/task_rpi_pico/pico/pico-sdk/lib/tinyusb/src/class/usbtmc/usbtmc_device.c.obj